Archive member included to satisfy reference by file (symbol)

c:/ac6/systemworkbench/plugins/fr.ac6.mcu.externaltools.arm-none.win32_1.15.0.201708311556/tools/compiler/bin/../lib/gcc/arm-none-eabi/6.3.1/../../../../arm-none-eabi/lib/thumb/v7-m\libm.a(lib_a-s_floor.o)
                              Src/main.o (floor)
c:/ac6/systemworkbench/plugins/fr.ac6.mcu.externaltools.arm-none.win32_1.15.0.201708311556/tools/compiler/bin/../lib/gcc/arm-none-eabi/6.3.1/thumb/v7-m\libgcc.a(_arm_addsubdf3.o)
                              c:/ac6/systemworkbench/plugins/fr.ac6.mcu.externaltools.arm-none.win32_1.15.0.201708311556/tools/compiler/bin/../lib/gcc/arm-none-eabi/6.3.1/../../../../arm-none-eabi/lib/thumb/v7-m\libm.a(lib_a-s_floor.o) (__aeabi_dadd)
c:/ac6/systemworkbench/plugins/fr.ac6.mcu.externaltools.arm-none.win32_1.15.0.201708311556/tools/compiler/bin/../lib/gcc/arm-none-eabi/6.3.1/thumb/v7-m\libgcc.a(_arm_cmpdf2.o)
                              c:/ac6/systemworkbench/plugins/fr.ac6.mcu.externaltools.arm-none.win32_1.15.0.201708311556/tools/compiler/bin/../lib/gcc/arm-none-eabi/6.3.1/../../../../arm-none-eabi/lib/thumb/v7-m\libm.a(lib_a-s_floor.o) (__aeabi_dcmpgt)
c:/ac6/systemworkbench/plugins/fr.ac6.mcu.externaltools.arm-none.win32_1.15.0.201708311556/tools/compiler/bin/../lib/gcc/arm-none-eabi/6.3.1/thumb/v7-m\libgcc.a(_arm_fixunsdfsi.o)
                              Src/main.o (__aeabi_d2uiz)
c:/ac6/systemworkbench/plugins/fr.ac6.mcu.externaltools.arm-none.win32_1.15.0.201708311556/tools/compiler/bin/../lib/gcc/arm-none-eabi/6.3.1/thumb/v7-m\libgcc.a(_arm_addsubsf3.o)
                              Src/ds18b20.o (__aeabi_fadd)
c:/ac6/systemworkbench/plugins/fr.ac6.mcu.externaltools.arm-none.win32_1.15.0.201708311556/tools/compiler/bin/../lib/gcc/arm-none-eabi/6.3.1/thumb/v7-m\libgcc.a(_arm_muldivsf3.o)
                              Src/main.o (__aeabi_fmul)
c:/ac6/systemworkbench/plugins/fr.ac6.mcu.externaltools.arm-none.win32_1.15.0.201708311556/tools/compiler/bin/../lib/gcc/arm-none-eabi/6.3.1/../../../../arm-none-eabi/lib/thumb/v7-m\libc_nano.a(lib_a-errno.o)
                              Src/syscalls.o (__errno)
c:/ac6/systemworkbench/plugins/fr.ac6.mcu.externaltools.arm-none.win32_1.15.0.201708311556/tools/compiler/bin/../lib/gcc/arm-none-eabi/6.3.1/../../../../arm-none-eabi/lib/thumb/v7-m\libc_nano.a(lib_a-exit.o)
                              c:/ac6/systemworkbench/plugins/fr.ac6.mcu.externaltools.arm-none.win32_1.15.0.201708311556/tools/compiler/bin/../lib/gcc/arm-none-eabi/6.3.1/../../../../arm-none-eabi/lib/thumb/v7-m/crt0.o (exit)
c:/ac6/systemworkbench/plugins/fr.ac6.mcu.externaltools.arm-none.win32_1.15.0.201708311556/tools/compiler/bin/../lib/gcc/arm-none-eabi/6.3.1/../../../../arm-none-eabi/lib/thumb/v7-m\libc_nano.a(lib_a-impure.o)
                              c:/ac6/systemworkbench/plugins/fr.ac6.mcu.externaltools.arm-none.win32_1.15.0.201708311556/tools/compiler/bin/../lib/gcc/arm-none-eabi/6.3.1/../../../../arm-none-eabi/lib/thumb/v7-m\libc_nano.a(lib_a-exit.o) (_global_impure_ptr)
c:/ac6/systemworkbench/plugins/fr.ac6.mcu.externaltools.arm-none.win32_1.15.0.201708311556/tools/compiler/bin/../lib/gcc/arm-none-eabi/6.3.1/../../../../arm-none-eabi/lib/thumb/v7-m\libc_nano.a(lib_a-init.o)
                              c:/ac6/systemworkbench/plugins/fr.ac6.mcu.externaltools.arm-none.win32_1.15.0.201708311556/tools/compiler/bin/../lib/gcc/arm-none-eabi/6.3.1/../../../../arm-none-eabi/lib/thumb/v7-m/crt0.o (__libc_init_array)
c:/ac6/systemworkbench/plugins/fr.ac6.mcu.externaltools.arm-none.win32_1.15.0.201708311556/tools/compiler/bin/../lib/gcc/arm-none-eabi/6.3.1/../../../../arm-none-eabi/lib/thumb/v7-m\libc_nano.a(lib_a-memset.o)
                              c:/ac6/systemworkbench/plugins/fr.ac6.mcu.externaltools.arm-none.win32_1.15.0.201708311556/tools/compiler/bin/../lib/gcc/arm-none-eabi/6.3.1/../../../../arm-none-eabi/lib/thumb/v7-m/crt0.o (memset)
c:/ac6/systemworkbench/plugins/fr.ac6.mcu.externaltools.arm-none.win32_1.15.0.201708311556/tools/compiler/bin/../lib/gcc/arm-none-eabi/6.3.1/../../../../arm-none-eabi/lib/thumb/v7-m\libc_nano.a(lib_a-snprintf.o)
                              Src/FlashPROM.o (snprintf)
c:/ac6/systemworkbench/plugins/fr.ac6.mcu.externaltools.arm-none.win32_1.15.0.201708311556/tools/compiler/bin/../lib/gcc/arm-none-eabi/6.3.1/../../../../arm-none-eabi/lib/thumb/v7-m\libc_nano.a(lib_a-nano-svfprintf.o)
                              c:/ac6/systemworkbench/plugins/fr.ac6.mcu.externaltools.arm-none.win32_1.15.0.201708311556/tools/compiler/bin/../lib/gcc/arm-none-eabi/6.3.1/../../../../arm-none-eabi/lib/thumb/v7-m\libc_nano.a(lib_a-snprintf.o) (_svfprintf_r)
c:/ac6/systemworkbench/plugins/fr.ac6.mcu.externaltools.arm-none.win32_1.15.0.201708311556/tools/compiler/bin/../lib/gcc/arm-none-eabi/6.3.1/../../../../arm-none-eabi/lib/thumb/v7-m\libc_nano.a(lib_a-nano-vfprintf_i.o)
[...]
Memory Configuration

Name             Origin             Length             Attributes
RAM              0x20000000         0x00005000         xrw
FLASH            0x08000000         0x00010000         xr
*default*        0x00000000         0xffffffff

Linker script and memory map

LOAD c:/ac6/systemworkbench/plugins/fr.ac6.mcu.externaltools.arm-none.win32_1.15.0.201708311556/tools/compiler/bin/../lib/gcc/arm-none-eabi/6.3.1/thumb/v7-m/crti.o
LOAD c:/ac6/systemworkbench/plugins/fr.ac6.mcu.externaltools.arm-none.win32_1.15.0.201708311556/tools/compiler/bin/../lib/gcc/arm-none-eabi/6.3.1/thumb/v7-m/crtbegin.o
LOAD c:/ac6/systemworkbench/plugins/fr.ac6.mcu.externaltools.arm-none.win32_1.15.0.201708311556/tools/compiler/bin/../lib/gcc/arm-none-eabi/6.3.1/../../../../arm-none-eabi/lib/thumb/v7-m/crt0.o
LOAD Drivers/STM32F1xx_HAL_Driver/Src/stm32f1xx_hal.o
LOAD Drivers/STM32F1xx_HAL_Driver/Src/stm32f1xx_hal_cortex.o
LOAD Drivers/STM32F1xx_HAL_Driver/Src/stm32f1xx_hal_crc.o
LOAD Drivers/STM32F1xx_HAL_Driver/Src/stm32f1xx_hal_dma.o
LOAD Drivers/STM32F1xx_HAL_Driver/Src/stm32f1xx_hal_flash.o
LOAD Drivers/STM32F1xx_HAL_Driver/Src/stm32f1xx_hal_flash_ex.o
LOAD Drivers/STM32F1xx_HAL_Driver/Src/stm32f1xx_hal_gpio.o
LOAD Drivers/STM32F1xx_HAL_Driver/Src/stm32f1xx_hal_gpio_ex.o
LOAD Drivers/STM32F1xx_HAL_Driver/Src/stm32f1xx_hal_i2c.o
LOAD Drivers/STM32F1xx_HAL_Driver/Src/stm32f1xx_hal_pwr.o
LOAD Drivers/STM32F1xx_HAL_Driver/Src/stm32f1xx_hal_rcc.o
LOAD Drivers/STM32F1xx_HAL_Driver/Src/stm32f1xx_hal_rcc_ex.o
LOAD Drivers/STM32F1xx_HAL_Driver/Src/stm32f1xx_hal_tim.o
LOAD Drivers/STM32F1xx_HAL_Driver/Src/stm32f1xx_hal_tim_ex.o
LOAD Src/FlashPROM.o
LOAD Src/ds18b20.o
LOAD Src/dwt_stm32_delay.o
LOAD Src/fonts.o
LOAD Src/main.o
LOAD Src/ssd1306.o
LOAD Src/stm32f1xx_hal_msp.o
LOAD Src/stm32f1xx_it.o
LOAD Src/syscalls.o
LOAD Src/system_stm32f1xx.o
LOAD startup/startup_stm32f103xb.o
LOAD c:/ac6/systemworkbench/plugins/fr.ac6.mcu.externaltools.arm-none.win32_1.15.0.201708311556/tools/compiler/bin/../lib/gcc/arm-none-eabi/6.3.1/../../../../arm-none-eabi/lib/thumb/v7-m\libm.a
START GROUP
LOAD c:/ac6/systemworkbench/plugins/fr.ac6.mcu.externaltools.arm-none.win32_1.15.0.201708311556/tools/compiler/bin/../lib/gcc/arm-none-eabi/6.3.1/thumb/v7-m\libgcc.a
LOAD c:/ac6/systemworkbench/plugins/fr.ac6.mcu.externaltools.arm-none.win32_1.15.0.201708311556/tools/compiler/bin/../lib/gcc/arm-none-eabi/6.3.1/../../../../arm-none-eabi/lib/thumb/v7-m\libc_nano.a
END GROUP
START GROUP
LOAD c:/ac6/systemworkbench/plugins/fr.ac6.mcu.externaltools.arm-none.win32_1.15.0.201708311556/tools/compiler/bin/../lib/gcc/arm-none-eabi/6.3.1/thumb/v7-m\libgcc.a
LOAD c:/ac6/systemworkbench/plugins/fr.ac6.mcu.externaltools.arm-none.win32_1.15.0.201708311556/tools/compiler/bin/../lib/gcc/arm-none-eabi/6.3.1/../../../../arm-none-eabi/lib/thumb/v7-m\libc_nano.a
LOAD c:/ac6/systemworkbench/plugins/fr.ac6.mcu.externaltools.arm-none.win32_1.15.0.201708311556/tools/compiler/bin/../lib/gcc/arm-none-eabi/6.3.1/../../../../arm-none-eabi/lib/thumb/v7-m\libnosys.a
END GROUP
START GROUP
LOAD c:/ac6/systemworkbench/plugins/fr.ac6.mcu.externaltools.arm-none.win32_1.15.0.201708311556/tools/compiler/bin/../lib/gcc/arm-none-eabi/6.3.1/thumb/v7-m\libgcc.a
LOAD c:/ac6/systemworkbench/plugins/fr.ac6.mcu.externaltools.arm-none.win32_1.15.0.201708311556/tools/compiler/bin/../lib/gcc/arm-none-eabi/6.3.1/../../../../arm-none-eabi/lib/thumb/v7-m\libc_nano.a
LOAD c:/ac6/systemworkbench/plugins/fr.ac6.mcu.externaltools.arm-none.win32_1.15.0.201708311556/tools/compiler/bin/../lib/gcc/arm-none-eabi/6.3.1/../../../../arm-none-eabi/lib/thumb/v7-m\libnosys.a
END GROUP
LOAD c:/ac6/systemworkbench/plugins/fr.ac6.mcu.externaltools.arm-none.win32_1.15.0.201708311556/tools/compiler/bin/../lib/gcc/arm-none-eabi/6.3.1/thumb/v7-m/crtend.o
LOAD c:/ac6/systemworkbench/plugins/fr.ac6.mcu.externaltools.arm-none.win32_1.15.0.201708311556/tools/compiler/bin/../lib/gcc/arm-none-eabi/6.3.1/thumb/v7-m/crtn.o
                0x20005000                _estack = 0x20005000
                0x00000200                _Min_Heap_Size = 0x200
                0x00000400                _Min_Stack_Size = 0x400

.isr_vector     0x08000000      0x10c
                0x08000000                . = ALIGN (0x4)
 *(.isr_vector)
 .isr_vector    0x08000000      0x10c startup/startup_stm32f103xb.o
                0x08000000                g_pfnVectors
                0x0800010c                . = ALIGN (0x4)

.text           0x08000110     0x45c4
                0x08000110                . = ALIGN (0x4)
 *(.text)
 .text          0x08000110       0x6c c:/ac6/systemworkbench/plugins/fr.ac6.mcu.externaltools.arm-none.win32_1.15.0.201708311556/tools/compiler/bin/../lib/gcc/arm-none-eabi/6.3.1/thumb/v7-m/crtbegin.o
 .text          0x0800017c      0x370 c:/ac6/systemworkbench/plugins/fr.ac6.mcu.externaltools.arm-none.win32_1.15.0.201708311556/tools/compiler/bin/../lib/gcc/arm-none-eabi/6.3.1/thumb/v7-m\libgcc.a(_arm_addsubdf3.o)
                0x0800017c                __aeabi_drsub
                0x08000184                __aeabi_dsub
                0x08000184                __subdf3
                0x08000188                __aeabi_dadd
                0x08000188                __adddf3
                0x08000400                __floatunsidf
                0x08000400                __aeabi_ui2d
                0x08000420                __floatsidf
                0x08000420                __aeabi_i2d
                0x08000444                __aeabi_f2d
                0x08000444                __extendsfdf2
                0x08000480                __floatundidf
                0x08000480                __aeabi_ul2d
                0x08000490                __floatdidf
                0x08000490                __aeabi_l2d
 .text          0x080004ec      0x110 c:/ac6/systemworkbench/plugins/fr.ac6.mcu.externaltools.arm-none.win32_1.15.0.201708311556/tools/compiler/bin/../lib/gcc/arm-none-eabi/6.3.1/thumb/v7-m\libgcc.a(_arm_cmpdf2.o)
                0x080004ec                __gtdf2
                0x080004ec                __gedf2
                0x080004f4                __ltdf2
                0x080004f4                __ledf2
                0x080004fc                __nedf2
                0x080004fc                __eqdf2
                0x080004fc                __cmpdf2
                0x08000578                __aeabi_cdrcmple
                0x08000588                __aeabi_cdcmpeq
                0x08000588                __aeabi_cdcmple
                0x08000598                __aeabi_dcmpeq
                0x080005ac                __aeabi_dcmplt
                0x080005c0                __aeabi_dcmple
                0x080005d4                __aeabi_dcmpge
                0x080005e8                __aeabi_dcmpgt
 .text          0x080005fc       0x40 c:/ac6/systemworkbench/plugins/fr.ac6.mcu.externaltools.arm-none.win32_1.15.0.201708311556/tools/compiler/bin/../lib/gcc/arm-none-eabi/6.3.1/thumb/v7-m\libgcc.a(_arm_fixunsdfsi.o)
                0x080005fc                __aeabi_d2uiz
                0x080005fc                __fixunsdfsi
 .text          0x0800063c      0x21c c:/ac6/systemworkbench/plugins/fr.ac6.mcu.externaltools.arm-none.win32_1.15.0.201708311556/tools/compiler/bin/../lib/gcc/arm-none-eabi/6.3.1/thumb/v7-m\libgcc.a(_arm_addsubsf3.o)
                0x0800063c                __aeabi_frsub
                0x08000644                __subsf3
                0x08000644                __aeabi_fsub
                0x08000648                __aeabi_fadd
                0x08000648                __addsf3
                0x080007a8                __aeabi_ui2f
                0x080007a8                __floatunsisf
                0x080007b0                __aeabi_i2f
                0x080007b0                __floatsisf
                0x080007cc                __aeabi_ul2f
                0x080007cc                __floatundisf
                0x080007dc                __aeabi_l2f
                0x080007dc                __floatdisf
 .text          0x08000858      0x2a0 c:/ac6/systemworkbench/plugins/fr.ac6.mcu.externaltools.arm-none.win32_1.15.0.201708311556/tools/compiler/bin/../lib/gcc/arm-none-eabi/6.3.1/thumb/v7-m\libgcc.a(_arm_muldivsf3.o)
                0x08000858                __mulsf3
                0x08000858                __aeabi_fmul
                0x080009c0                __aeabi_fdiv
                0x080009c0                __divsf3
 *(.text*)
 .text.HAL_Init
                0x08000af8       0x2c Drivers/STM32F1xx_HAL_Driver/Src/stm32f1xx_hal.o
                0x08000af8                HAL_Init
 .text.HAL_InitTick
                0x08000b24       0x60 Drivers/STM32F1xx_HAL_Driver/Src/stm32f1xx_hal.o
                0x08000b24                HAL_InitTick
 .text.HAL_IncTick
                0x08000b84       0x24 Drivers/STM32F1xx_HAL_Driver/Src/stm32f1xx_hal.o
                0x08000b84                HAL_IncTick
 .text.HAL_GetTick
                0x08000ba8       0x14 Drivers/STM32F1xx_HAL_Driver/Src/stm32f1xx_hal.o
                0x08000ba8                HAL_GetTick
 .text.HAL_Delay
                0x08000bbc       0x44 Drivers/STM32F1xx_HAL_Driver/Src/stm32f1xx_hal.o
                0x08000bbc                HAL_Delay
 .text.NVIC_SetPriorityGrouping
                0x08000c00       0x48 Drivers/STM32F1xx_HAL_Driver/Src/stm32f1xx_hal_cortex.o
 .text.NVIC_GetPriorityGrouping
                0x08000c48       0x1c Drivers/STM32F1xx_HAL_Driver/Src/stm32f1xx_hal_cortex.o
 .text.NVIC_SetPriority
                0x08000c64       0x54 Drivers/STM32F1xx_HAL_Driver/Src/stm32f1xx_hal_cortex.o
 .text.NVIC_EncodePriority
                0x08000cb8       0x60 Drivers/STM32F1xx_HAL_Driver/Src/stm32f1xx_hal_cortex.o
 .text.SysTick_Config
                0x08000d18       0x44 Drivers/STM32F1xx_HAL_Driver/Src/stm32f1xx_hal_cortex.o
 .text.HAL_NVIC_SetPriorityGrouping
                0x08000d5c       0x16 Drivers/STM32F1xx_HAL_Driver/Src/stm32f1xx_hal_cortex.o
                0x08000d5c                HAL_NVIC_SetPriorityGrouping
 .text.HAL_NVIC_SetPriority
                0x08000d72       0x38 Drivers/STM32F1xx_HAL_Driver/Src/stm32f1xx_hal_cortex.o
                0x08000d72                HAL_NVIC_SetPriority
 .text.HAL_SYSTICK_Config
                0x08000daa       0x18 Drivers/STM32F1xx_HAL_Driver/Src/stm32f1xx_hal_cortex.o
                0x08000daa                HAL_SYSTICK_Config
 .text.HAL_CRC_Init
                0x08000dc2       0x38 Drivers/STM32F1xx_HAL_Driver/Src/stm32f1xx_hal_crc.o
                0x08000dc2                HAL_CRC_Init
 *fill*         0x08000dfa        0x2 
 .text.HAL_FLASH_Unlock
                0x08000dfc       0x4c Drivers/STM32F1xx_HAL_Driver/Src/stm32f1xx_hal_flash.o
                0x08000dfc                HAL_FLASH_Unlock
 .text.HAL_FLASH_Lock
                0x08000e48       0x20 Drivers/STM32F1xx_HAL_Driver/Src/stm32f1xx_hal_flash.o
                0x08000e48                HAL_FLASH_Lock
 .text.HAL_FLASH_GetError
                0x08000e68       0x14 Drivers/STM32F1xx_HAL_Driver/Src/stm32f1xx_hal_flash.o
                0x08000e68                HAL_FLASH_GetError
 .text.FLASH_WaitForLastOperation
                0x08000e7c       0x8c Drivers/STM32F1xx_HAL_Driver/Src/stm32f1xx_hal_flash.o
                0x08000e7c                FLASH_WaitForLastOperation
 .text.FLASH_SetErrorCode
                0x08000f08       0xa0 Drivers/STM32F1xx_HAL_Driver/Src/stm32f1xx_hal_flash.o
 .text.HAL_FLASHEx_Erase
                0x08000fa8       0xd8 Drivers/STM32F1xx_HAL_Driver/Src/stm32f1xx_hal_flash_ex.o
                0x08000fa8                HAL_FLASHEx_Erase
 .text.FLASH_MassErase
                0x08001080       0x38 Drivers/STM32F1xx_HAL_Driver/Src/stm32f1xx_hal_flash_ex.o
 .text.FLASH_PageErase
                0x080010b8       0x40 Drivers/STM32F1xx_HAL_Driver/Src/stm32f1xx_hal_flash_ex.o
                0x080010b8                FLASH_PageErase
 .text.HAL_GPIO_Init
                0x080010f8      0x2bc Drivers/STM32F1xx_HAL_Driver/Src/stm32f1xx_hal_gpio.o
                0x080010f8                HAL_GPIO_Init
 .text.HAL_GPIO_DeInit
                0x080013b4      0x184 Drivers/STM32F1xx_HAL_Driver/Src/stm32f1xx_hal_gpio.o
                0x080013b4                HAL_GPIO_DeInit
 .text.HAL_GPIO_WritePin
                0x08001538       0x30 Drivers/STM32F1xx_HAL_Driver/Src/stm32f1xx_hal_gpio.o
                0x08001538                HAL_GPIO_WritePin
 .text.HAL_I2C_Init
                0x08001568      0x208 Drivers/STM32F1xx_HAL_Driver/Src/stm32f1xx_hal_i2c.o
                0x08001568                HAL_I2C_Init
 .text.HAL_I2C_Mem_Write
                0x08001770      0x214 Drivers/STM32F1xx_HAL_Driver/Src/stm32f1xx_hal_i2c.o
                0x08001770                HAL_I2C_Mem_Write
 .text.I2C_RequestMemoryWrite
                0x08001984      0x124 Drivers/STM32F1xx_HAL_Driver/Src/stm32f1xx_hal_i2c.o
 .text.I2C_WaitOnFlagUntilTimeout
                0x08001aa8       0xa2 Drivers/STM32F1xx_HAL_Driver/Src/stm32f1xx_hal_i2c.o
 .text.I2C_WaitOnMasterAddressFlagUntilTimeout
                0x08001b4a       0xdc Drivers/STM32F1xx_HAL_Driver/Src/stm32f1xx_hal_i2c.o
 .text.I2C_WaitOnTXEFlagUntilTimeout
                0x08001c26       0x7a Drivers/STM32F1xx_HAL_Driver/Src/stm32f1xx_hal_i2c.o
 .text.I2C_WaitOnBTFFlagUntilTimeout
                0x08001ca0       0x7a Drivers/STM32F1xx_HAL_Driver/Src/stm32f1xx_hal_i2c.o
 .text.I2C_IsAcknowledgeFailed
                0x08001d1a       0x4e Drivers/STM32F1xx_HAL_Driver/Src/stm32f1xx_hal_i2c.o
 .text.HAL_RCC_OscConfig
                0x08001d68      0x4c8 Drivers/STM32F1xx_HAL_Driver/Src/stm32f1xx_hal_rcc.o
                0x08001d68                HAL_RCC_OscConfig
 .text.HAL_RCC_ClockConfig
                0x08002230      0x218 Drivers/STM32F1xx_HAL_Driver/Src/stm32f1xx_hal_rcc.o
                0x08002230                HAL_RCC_ClockConfig
 .text.HAL_RCC_GetSysClockFreq
                0x08002448       0xc4 Drivers/STM32F1xx_HAL_Driver/Src/stm32f1xx_hal_rcc.o
                0x08002448                HAL_RCC_GetSysClockFreq
 .text.HAL_RCC_GetHCLKFreq
                0x0800250c       0x14 Drivers/STM32F1xx_HAL_Driver/Src/stm32f1xx_hal_rcc.o
                0x0800250c                HAL_RCC_GetHCLKFreq
 .text.HAL_RCC_GetPCLK1Freq
                0x08002520       0x28 Drivers/STM32F1xx_HAL_Driver/Src/stm32f1xx_hal_rcc.o
                0x08002520                HAL_RCC_GetPCLK1Freq
 .text.RCC_Delay
                0x08002548       0x3c Drivers/STM32F1xx_HAL_Driver/Src/stm32f1xx_hal_rcc.o
 .text.HAL_TIM_Encoder_Init
                0x08002584      0x12c Drivers/STM32F1xx_HAL_Driver/Src/stm32f1xx_hal_tim.o
                0x08002584                HAL_TIM_Encoder_Init
 .text.HAL_TIM_Encoder_Start
                0x080026b0       0x6e Drivers/STM32F1xx_HAL_Driver/Src/stm32f1xx_hal_tim.o
                0x080026b0                HAL_TIM_Encoder_Start
 *fill*         0x0800271e        0x2 
 .text.TIM_Base_SetConfig
                0x08002720       0xcc Drivers/STM32F1xx_HAL_Driver/Src/stm32f1xx_hal_tim.o
                0x08002720                TIM_Base_SetConfig
 .text.TIM_CCxChannelCmd
                0x080027ec       0x44 Drivers/STM32F1xx_HAL_Driver/Src/stm32f1xx_hal_tim.o
                0x080027ec                TIM_CCxChannelCmd
 .text.HAL_TIMEx_MasterConfigSynchronization
                0x08002830       0x88 Drivers/STM32F1xx_HAL_Driver/Src/stm32f1xx_hal_tim_ex.o
                0x08002830                HAL_TIMEx_MasterConfigSynchronization
 .text.erase_flash
                0x080028b8       0x68 Src/FlashPROM.o
                0x080028b8                erase_flash
 .text.flash_search_adress
                0x08002920       0x5c Src/FlashPROM.o
                0x08002920                flash_search_adress
 .text.read_last_data_in_flash
                0x0800297c       0x54 Src/FlashPROM.o
                0x0800297c                read_last_data_in_flash
 .text.DelayMicro
                0x080029d0       0x3c Src/ds18b20.o
 .text.port_init2
                0x08002a0c       0x38 Src/ds18b20.o
                0x08002a0c                port_init2
 .text.ds18b20_Reset2
                0x08002a44       0x58 Src/ds18b20.o
                0x08002a44                ds18b20_Reset2
 .text.ds18b20_ReadBit2
                0x08002a9c       0x58 Src/ds18b20.o
                0x08002a9c                ds18b20_ReadBit2
 .text.ds18b20_ReadByte2
                0x08002af4       0x3c Src/ds18b20.o
                0x08002af4                ds18b20_ReadByte2
 .text.ds18b20_WriteBit2
                0x08002b30       0x54 Src/ds18b20.o
                0x08002b30                ds18b20_WriteBit2
 .text.ds18b20_WriteByte2
                0x08002b84       0x40 Src/ds18b20.o
                0x08002b84                ds18b20_WriteByte2
 .text.ds18b20_init2
                0x08002bc4       0x46 Src/ds18b20.o
                0x08002bc4                ds18b20_init2
 .text.ds18b20_MeasureTemperCmd2
                0x08002c0a       0x2e Src/ds18b20.o
                0x08002c0a                ds18b20_MeasureTemperCmd2
 .text.ds18b20_ReadStratcpad2
                0x08002c38       0x4e Src/ds18b20.o
                0x08002c38                ds18b20_ReadStratcpad2
 .text.ds18b20_GetSign
                0x08002c86       0x24 Src/ds18b20.o
                0x08002c86                ds18b20_GetSign
 .text.ds18b20_Convert
                0x08002caa       0x4c Src/ds18b20.o
                0x08002caa                ds18b20_Convert
 *fill*         0x08002cf6        0x2 
 .text.DWT_Delay_Init
                0x08002cf8       0x60 Src/dwt_stm32_delay.o
                0x08002cf8                DWT_Delay_Init
 .text.start_menu
                0x08002d58       0x3c Src/main.o
                0x08002d58                start_menu
 .text.Menu_it_Updatestruc
                0x08002d94       0x7c Src/main.o
                0x08002d94                Menu_it_Updatestruc
 .text.main     0x08002e10      0x4dc Src/main.o
                0x08002e10                main
 .text.SystemClock_Config
                0x080032ec       0x8a Src/main.o
                0x080032ec                SystemClock_Config
 *fill*         0x08003376        0x2 
 .text.MX_CRC_Init
                0x08003378       0x28 Src/main.o
 .text.MX_I2C1_Init
                0x080033a0       0x5c Src/main.o
 .text.MX_TIM3_Init
                0x080033fc       0xa8 Src/main.o
 .text.MX_GPIO_Init
                0x080034a4      0x138 Src/main.o
 .text.Error_Handler
                0x080035dc        0xc Src/main.o
                0x080035dc                Error_Handler
 .text.ssd1306_WriteCommand
                0x080035e8       0x30 Src/ssd1306.o
 .text.ssd1306_Init
                0x08003618       0xd8 Src/ssd1306.o
                0x08003618                ssd1306_Init
 .text.ssd1306_Fill
                0x080036f0       0x44 Src/ssd1306.o
                0x080036f0                ssd1306_Fill
 .text.ssd1306_UpdateScreen
                0x08003734       0x60 Src/ssd1306.o
                0x08003734                ssd1306_UpdateScreen
 .text.ssd1306_DrawPixel
                0x08003794       0xc0 Src/ssd1306.o
                0x08003794                ssd1306_DrawPixel
 .text.ssd1306_WriteChar
                0x08003854      0x100 Src/ssd1306.o
                0x08003854                ssd1306_WriteChar
 .text.ssd1306_WriteString
                0x08003954       0x4c Src/ssd1306.o
                0x08003954                ssd1306_WriteString
 .text.ssd1306_SetCursor
                0x080039a0       0x30 Src/ssd1306.o
                0x080039a0                ssd1306_SetCursor
 .text.HAL_MspInit
                0x080039d0       0x64 Src/stm32f1xx_hal_msp.o
                0x080039d0                HAL_MspInit
 .text.HAL_CRC_MspInit
                0x08003a34       0x3c Src/stm32f1xx_hal_msp.o
                0x08003a34                HAL_CRC_MspInit
 .text.HAL_I2C_MspInit
                0x08003a70       0x7c Src/stm32f1xx_hal_msp.o
                0x08003a70                HAL_I2C_MspInit
 .text.HAL_TIM_Encoder_MspInit
                0x08003aec       0x7c Src/stm32f1xx_hal_msp.o
                0x08003aec                HAL_TIM_Encoder_MspInit
 .text.NMI_Handler
                0x08003b68        0xc Src/stm32f1xx_it.o
                0x08003b68                NMI_Handler
 .text.HardFault_Handler
                0x08003b74        0x6 Src/stm32f1xx_it.o
                0x08003b74                HardFault_Handler
 .text.MemManage_Handler
                0x08003b7a        0x6 Src/stm32f1xx_it.o
                0x08003b7a                MemManage_Handler
 .text.BusFault_Handler
                0x08003b80        0x6 Src/stm32f1xx_it.o
                0x08003b80                BusFault_Handler
 .text.UsageFault_Handler
                0x08003b86        0x6 Src/stm32f1xx_it.o
                0x08003b86                UsageFault_Handler
 .text.SVC_Handler
                0x08003b8c        0xc Src/stm32f1xx_it.o
                0x08003b8c                SVC_Handler
 .text.DebugMon_Handler
                0x08003b98        0xc Src/stm32f1xx_it.o
                0x08003b98                DebugMon_Handler
 .text.PendSV_Handler
                0x08003ba4        0xc Src/stm32f1xx_it.o
                0x08003ba4                PendSV_Handler
 .text.SysTick_Handler
                0x08003bb0        0xc Src/stm32f1xx_it.o
                0x08003bb0                SysTick_Handler
 .text._sbrk    0x08003bbc       0x58 Src/syscalls.o
                0x08003bbc                _sbrk
 .text.SystemInit
                0x08003c14       0x68 Src/system_stm32f1xx.o
                0x08003c14                SystemInit
 .text.Reset_Handler
                0x08003c7c       0x48 startup/startup_stm32f103xb.o
                0x08003c7c                Reset_Handler
 .text.Default_Handler
                0x08003cc4        0x2 startup/startup_stm32f103xb.o
                0x08003cc4                RTC_Alarm_IRQHandler
                0x08003cc4                EXTI2_IRQHandler
                0x08003cc4                TIM1_CC_IRQHandler
                0x08003cc4                PVD_IRQHandler
                0x08003cc4                EXTI3_IRQHandler
                0x08003cc4                EXTI0_IRQHandler
                0x08003cc4                I2C2_EV_IRQHandler
                0x08003cc4                ADC1_2_IRQHandler
                0x08003cc4                SPI1_IRQHandler
                0x08003cc4                TAMPER_IRQHandler
                0x08003cc4                DMA1_Channel4_IRQHandler
                0x08003cc4                USART3_IRQHandler
                0x08003cc4                RTC_IRQHandler
                0x08003cc4                DMA1_Channel7_IRQHandler
                0x08003cc4                CAN1_RX1_IRQHandler
                0x08003cc4                TIM4_IRQHandler
                0x08003cc4                I2C1_EV_IRQHandler
                0x08003cc4                DMA1_Channel6_IRQHandler
                0x08003cc4                TIM3_IRQHandler
                0x08003cc4                RCC_IRQHandler
                0x08003cc4                TIM1_TRG_COM_IRQHandler
                0x08003cc4                DMA1_Channel1_IRQHandler
                0x08003cc4                Default_Handler
                0x08003cc4                EXTI15_10_IRQHandler
                0x08003cc4                EXTI9_5_IRQHandler
                0x08003cc4                SPI2_IRQHandler
                0x08003cc4                DMA1_Channel5_IRQHandler
                0x08003cc4                EXTI4_IRQHandler
                0x08003cc4                USB_LP_CAN1_RX0_IRQHandler
                0x08003cc4                USB_HP_CAN1_TX_IRQHandler
                0x08003cc4                DMA1_Channel3_IRQHandler
                0x08003cc4                TIM1_UP_IRQHandler
                0x08003cc4                WWDG_IRQHandler
                0x08003cc4                TIM2_IRQHandler
                0x08003cc4                TIM1_BRK_IRQHandler
                0x08003cc4                EXTI1_IRQHandler
                0x08003cc4                USART2_IRQHandler
                0x08003cc4                I2C2_ER_IRQHandler
                0x08003cc4                DMA1_Channel2_IRQHandler
                0x08003cc4                CAN1_SCE_IRQHandler
                0x08003cc4                FLASH_IRQHandler
                0x08003cc4                USART1_IRQHandler
                0x08003cc4                I2C1_ER_IRQHandler
                0x08003cc4                USBWakeUp_IRQHandler
 *fill*         0x08003cc6        0x2 
 .text.floor    0x08003cc8      0x118 c:/ac6/systemworkbench/plugins/fr.ac6.mcu.externaltools.arm-none.win32_1.15.0.201708311556/tools/compiler/bin/../lib/gcc/arm-none-eabi/6.3.1/../../../../arm-none-eabi/lib/thumb/v7-m\libm.a(lib_a-s_floor.o)
                0x08003cc8                floor
 .text.__errno  0x08003de0        0xc c:/ac6/systemworkbench/plugins/fr.ac6.mcu.externaltools.arm-none.win32_1.15.0.201708311556/tools/compiler/bin/../lib/gcc/arm-none-eabi/6.3.1/../../../../arm-none-eabi/lib/thumb/v7-m\libc_nano.a(lib_a-errno.o)
                0x08003de0                __errno
 .text.__libc_init_array
                0x08003dec       0x48 c:/ac6/systemworkbench/plugins/fr.ac6.mcu.externaltools.arm-none.win32_1.15.0.201708311556/tools/compiler/bin/../lib/gcc/arm-none-eabi/6.3.1/../../../../arm-none-eabi/lib/thumb/v7-m\libc_nano.a(lib_a-init.o)
                0x08003dec                __libc_init_array
 .text.memset   0x08003e34       0x10 c:/ac6/systemworkbench/plugins/fr.ac6.mcu.externaltools.arm-none.win32_1.15.0.201708311556/tools/compiler/bin/../lib/gcc/arm-none-eabi/6.3.1/../../../../arm-none-eabi/lib/thumb/v7-m\libc_nano.a(lib_a-memset.o)
                0x08003e34                memset
 .text.snprintf
                0x08003e44       0x68 c:/ac6/systemworkbench/plugins/fr.ac6.mcu.externaltools.arm-none.win32_1.15.0.201708311556/tools/compiler/bin/../lib/gcc/arm-none-eabi/6.3.1/../../../../arm-none-eabi/lib/thumb/v7-m\libc_nano.a(lib_a-snprintf.o)
                0x08003e44                sniprintf
                0x08003e44                snprintf
 .text.__ssputs_r
                0x08003eac       0xb6 c:/ac6/systemworkbench/plugins/fr.ac6.mcu.externaltools.arm-none.win32_1.15.0.201708311556/tools/compiler/bin/../lib/gcc/arm-none-eabi/6.3.1/../../../../arm-none-eabi/lib/thumb/v7-m\libc_nano.a(lib_a-nano-svfprintf.o)
                0x08003eac                __ssputs_r
 *fill*         0x08003f62        0x2 
 .text._svfprintf_r
                0x08003f64      0x1e8 c:/ac6/systemworkbench/plugins/fr.ac6.mcu.externaltools.arm-none.win32_1.15.0.201708311556/tools/compiler/bin/../lib/gcc/arm-none-eabi/6.3.1/../../../../arm-none-eabi/lib/thumb/v7-m\libc_nano.a(lib_a-nano-svfprintf.o)
                0x08003f64                _svfiprintf_r
                0x08003f64                _svfprintf_r
 .text._printf_common
                0x0800414c       0xee c:/ac6/systemworkbench/plugins/fr.ac6.mcu.externaltools.arm-none.win32_1.15.0.201708311556/tools/compiler/bin/../lib/gcc/arm-none-eabi/6.3.1/../../../../arm-none-eabi/lib/thumb/v7-m\libc_nano.a(lib_a-nano-vfprintf_i.o)
                0x0800414c                _printf_common
 *fill*         0x0800423a        0x2 
 .text._printf_i
                0x0800423c      0x240 c:/ac6/systemworkbench/plugins/fr.ac6.mcu.externaltools.arm-none.win32_1.15.0.201708311556/tools/compiler/bin/../lib/gcc/arm-none-eabi/6.3.1/../../../../arm-none-eabi/lib/thumb/v7-m\libc_nano.a(lib_a-nano-vfprintf_i.o)
                0x0800423c                _printf_i
 .text.memchr   0x0800447c       0x1c c:/ac6/systemworkbench/plugins/fr.ac6.mcu.externaltools.arm-none.win32_1.15.0.201708311556/tools/compiler/bin/../lib/gcc/arm-none-eabi/6.3.1/../../../../arm-none-eabi/lib/thumb/v7-m\libc_nano.a(lib_a-memchr-stub.o)
                0x0800447c                memchr
 .text.memcpy   0x08004498       0x16 c:/ac6/systemworkbench/plugins/fr.ac6.mcu.externaltools.arm-none.win32_1.15.0.201708311556/tools/compiler/bin/../lib/gcc/arm-none-eabi/6.3.1/../../../../arm-none-eabi/lib/thumb/v7-m\libc_nano.a(lib_a-memcpy-stub.o)
                0x08004498                memcpy
 .text.memmove  0x080044ae       0x34 c:/ac6/systemworkbench/plugins/fr.ac6.mcu.externaltools.arm-none.win32_1.15.0.201708311556/tools/compiler/bin/../lib/gcc/arm-none-eabi/6.3.1/../../../../arm-none-eabi/lib/thumb/v7-m\libc_nano.a(lib_a-memmove.o)
                0x080044ae                memmove
 *fill*         0x080044e2        0x2 
 .text._free_r  0x080044e4       0x98 c:/ac6/systemworkbench/plugins/fr.ac6.mcu.externaltools.arm-none.win32_1.15.0.201708311556/tools/compiler/bin/../lib/gcc/arm-none-eabi/6.3.1/../../../../arm-none-eabi/lib/thumb/v7-m\libc_nano.a(lib_a-nano-freer.o)
                0x080044e4                _free_r
 .text._malloc_r
                0x0800457c       0xbc c:/ac6/systemworkbench/plugins/fr.ac6.mcu.externaltools.arm-none.win32_1.15.0.201708311556/tools/compiler/bin/../lib/gcc/arm-none-eabi/6.3.1/../../../../arm-none-eabi/lib/thumb/v7-m\libc_nano.a(lib_a-nano-mallocr.o)
                0x0800457c                _malloc_r
 .text._realloc_r
                0x08004638       0x4c c:/ac6/systemworkbench/plugins/fr.ac6.mcu.externaltools.arm-none.win32_1.15.0.201708311556/tools/compiler/bin/../lib/gcc/arm-none-eabi/6.3.1/../../../../arm-none-eabi/lib/thumb/v7-m\libc_nano.a(lib_a-nano-reallocr.o)
                0x08004638                _realloc_r
 .text._sbrk_r  0x08004684       0x20 c:/ac6/systemworkbench/plugins/fr.ac6.mcu.externaltools.arm-none.win32_1.15.0.201708311556/tools/compiler/bin/../lib/gcc/arm-none-eabi/6.3.1/../../../../arm-none-eabi/lib/thumb/v7-m\libc_nano.a(lib_a-sbrkr.o)
                0x08004684                _sbrk_r
 .text.__malloc_lock
                0x080046a4        0x2 c:/ac6/systemworkbench/plugins/fr.ac6.mcu.externaltools.arm-none.win32_1.15.0.201708311556/tools/compiler/bin/../lib/gcc/arm-none-eabi/6.3.1/../../../../arm-none-eabi/lib/thumb/v7-m\libc_nano.a(lib_a-mlock.o)
                0x080046a4                __malloc_lock
 .text.__malloc_unlock
                0x080046a6        0x2 c:/ac6/systemworkbench/plugins/fr.ac6.mcu.externaltools.arm-none.win32_1.15.0.201708311556/tools/compiler/bin/../lib/gcc/arm-none-eabi/6.3.1/../../../../arm-none-eabi/lib/thumb/v7-m\libc_nano.a(lib_a-mlock.o)
                0x080046a6                __malloc_unlock
 .text._malloc_usable_size_r
                0x080046a8       0x12 c:/ac6/systemworkbench/plugins/fr.ac6.mcu.externaltools.arm-none.win32_1.15.0.201708311556/tools/compiler/bin/../lib/gcc/arm-none-eabi/6.3.1/../../../../arm-none-eabi/lib/thumb/v7-m\libc_nano.a(lib_a-nano-msizer.o)
                0x080046a8                _malloc_usable_size_r
 *(.glue_7)
 .glue_7        0x080046ba        0x0 linker stubs
 *(.glue_7t)
 .glue_7t       0x080046ba        0x0 linker stubs
 *(.eh_frame)
 *fill*         0x080046ba        0x2 
 .eh_frame      0x080046bc        0x0 c:/ac6/systemworkbench/plugins/fr.ac6.mcu.externaltools.arm-none.win32_1.15.0.201708311556/tools/compiler/bin/../lib/gcc/arm-none-eabi/6.3.1/thumb/v7-m/crtbegin.o
 *(.init)
 .init          0x080046bc        0x4 c:/ac6/systemworkbench/plugins/fr.ac6.mcu.externaltools.arm-none.win32_1.15.0.201708311556/tools/compiler/bin/../lib/gcc/arm-none-eabi/6.3.1/thumb/v7-m/crti.o
                0x080046bc                _init
 .init          0x080046c0        0x8 c:/ac6/systemworkbench/plugins/fr.ac6.mcu.externaltools.arm-none.win32_1.15.0.201708311556/tools/compiler/bin/../lib/gcc/arm-none-eabi/6.3.1/thumb/v7-m/crtn.o
 *(.fini)
 .fini          0x080046c8        0x4 c:/ac6/systemworkbench/plugins/fr.ac6.mcu.externaltools.arm-none.win32_1.15.0.201708311556/tools/compiler/bin/../lib/gcc/arm-none-eabi/6.3.1/thumb/v7-m/crti.o
                0x080046c8                _fini
 .fini          0x080046cc        0x8 c:/ac6/systemworkbench/plugins/fr.ac6.mcu.externaltools.arm-none.win32_1.15.0.201708311556/tools/compiler/bin/../lib/gcc/arm-none-eabi/6.3.1/thumb/v7-m/crtn.o
                0x080046d4                . = ALIGN (0x4)
                0x080046d4                _etext = .

.vfp11_veneer   0x080046d4        0x0
 .vfp11_veneer  0x080046d4        0x0 linker stubs

.v4_bx          0x080046d4        0x0
 .v4_bx         0x080046d4        0x0 linker stubs

.iplt           0x080046d4        0x0
 .iplt          0x080046d4        0x0 c:/ac6/systemworkbench/plugins/fr.ac6.mcu.externaltools.arm-none.win32_1.15.0.201708311556/tools/compiler/bin/../lib/gcc/arm-none-eabi/6.3.1/thumb/v7-m/crtbegin.o

.rodata         0x080046d4     0x29a8
                0x080046d4                . = ALIGN (0x4)
 *(.rodata)
 .rodata        0x080046d4       0x12 Drivers/STM32F1xx_HAL_Driver/Src/stm32f1xx_hal_rcc.o
 *fill*         0x080046e6        0x2 
 .rodata        0x080046e8       0x15 Src/FlashPROM.o
 *fill*         0x080046fd        0x3 
 .rodata        0x08004700     0x2814 Src/fonts.o
 .rodata        0x08006f14      0x11a Src/main.o
 *fill*         0x0800702e        0x2 
 .rodata        0x08007030       0x18 Src/system_stm32f1xx.o
                0x08007030                AHBPrescTable
                0x08007040                APBPrescTable
 *(.rodata*)
 .rodata._svfprintf_r.str1.1
                0x08007048       0x11 c:/ac6/systemworkbench/plugins/fr.ac6.mcu.externaltools.arm-none.win32_1.15.0.201708311556/tools/compiler/bin/../lib/gcc/arm-none-eabi/6.3.1/../../../../arm-none-eabi/lib/thumb/v7-m\libc_nano.a(lib_a-nano-svfprintf.o)
 .rodata._printf_i.str1.1
                0x08007059       0x22 c:/ac6/systemworkbench/plugins/fr.ac6.mcu.externaltools.arm-none.win32_1.15.0.201708311556/tools/compiler/bin/../lib/gcc/arm-none-eabi/6.3.1/../../../../arm-none-eabi/lib/thumb/v7-m\libc_nano.a(lib_a-nano-vfprintf_i.o)
                0x0800707c                . = ALIGN (0x4)
 *fill*         0x0800707b        0x1 

.rel.dyn        0x0800707c        0x0
 .rel.iplt      0x0800707c        0x0 c:/ac6/systemworkbench/plugins/fr.ac6.mcu.externaltools.arm-none.win32_1.15.0.201708311556/tools/compiler/bin/../lib/gcc/arm-none-eabi/6.3.1/thumb/v7-m/crtbegin.o

.ARM.extab
 *(.ARM.extab* .gnu.linkonce.armextab.*)

.ARM            0x0800707c        0x0
                0x0800707c                __exidx_start = .
 *(.ARM.exidx*)
                0x0800707c                __exidx_end = .

.preinit_array  0x0800707c        0x0
                0x0800707c                PROVIDE (__preinit_array_start, .)
 *(.preinit_array*)
                0x0800707c                PROVIDE (__preinit_array_end, .)

.init_array     0x0800707c        0x4
                0x0800707c                PROVIDE (__init_array_start, .)
 *(SORT(.init_array.*))
 *(.init_array*)
 .init_array    0x0800707c        0x4 c:/ac6/systemworkbench/plugins/fr.ac6.mcu.externaltools.arm-none.win32_1.15.0.201708311556/tools/compiler/bin/../lib/gcc/arm-none-eabi/6.3.1/thumb/v7-m/crtbegin.o
                0x08007080                PROVIDE (__init_array_end, .)

.fini_array     0x08007080        0x4
                [!provide]                PROVIDE (__fini_array_start, .)
 *(SORT(.fini_array.*))
 *(.fini_array*)
 .fini_array    0x08007080        0x4 c:/ac6/systemworkbench/plugins/fr.ac6.mcu.externaltools.arm-none.win32_1.15.0.201708311556/tools/compiler/bin/../lib/gcc/arm-none-eabi/6.3.1/thumb/v7-m/crtbegin.o
                [!provide]                PROVIDE (__fini_array_end, .)
                0x08007084                _sidata = LOADADDR (.data)

.data           0x20000000       0x88 load address 0x08007084
                0x20000000                . = ALIGN (0x4)
                0x20000000                _sdata = .
 *(.data)
 .data          0x20000000        0x5 Drivers/STM32F1xx_HAL_Driver/Src/stm32f1xx_hal.o
                0x20000000                uwTickPrio
                0x20000004                uwTickFreq
 *fill*         0x20000005        0x3 
 .data          0x20000008       0x18 Src/fonts.o
                0x20000008                Font_7x10
                0x20000010                Font_11x18
                0x20000018                Font_16x26
 .data          0x20000020        0x4 Src/system_stm32f1xx.o
                0x20000020                SystemCoreClock
 *(.data*)
 .data._impure_ptr
                0x20000024        0x4 c:/ac6/systemworkbench/plugins/fr.ac6.mcu.externaltools.arm-none.win32_1.15.0.201708311556/tools/compiler/bin/../lib/gcc/arm-none-eabi/6.3.1/../../../../arm-none-eabi/lib/thumb/v7-m\libc_nano.a(lib_a-impure.o)
                0x20000024                _impure_ptr
 .data.impure_data
                0x20000028       0x60 c:/ac6/systemworkbench/plugins/fr.ac6.mcu.externaltools.arm-none.win32_1.15.0.201708311556/tools/compiler/bin/../lib/gcc/arm-none-eabi/6.3.1/../../../../arm-none-eabi/lib/thumb/v7-m\libc_nano.a(lib_a-impure.o)
                0x20000088                . = ALIGN (0x4)
                0x20000088                _edata = .

.jcr            0x20000088        0x0 load address 0x0800710c
 .jcr           0x20000088        0x0 c:/ac6/systemworkbench/plugins/fr.ac6.mcu.externaltools.arm-none.win32_1.15.0.201708311556/tools/compiler/bin/../lib/gcc/arm-none-eabi/6.3.1/thumb/v7-m/crtbegin.o

.igot.plt       0x20000088        0x0 load address 0x0800710c
 .igot.plt      0x20000088        0x0 c:/ac6/systemworkbench/plugins/fr.ac6.mcu.externaltools.arm-none.win32_1.15.0.201708311556/tools/compiler/bin/../lib/gcc/arm-none-eabi/6.3.1/thumb/v7-m/crtbegin.o
                0x20000088                . = ALIGN (0x4)

.bss            0x20000088      0x5c4 load address 0x0800710c
                0x20000088                _sbss = .
                0x20000088                __bss_start__ = _sbss
 *(.bss)
 .bss           0x20000088       0x1c c:/ac6/systemworkbench/plugins/fr.ac6.mcu.externaltools.arm-none.win32_1.15.0.201708311556/tools/compiler/bin/../lib/gcc/arm-none-eabi/6.3.1/thumb/v7-m/crtbegin.o
 .bss           0x200000a4       0x10 Src/FlashPROM.o
 .bss           0x200000b4        0xe Src/main.o
                0x200000b4                check
                0x200000b8                res_addr
                0x200000bc                timme
                0x200000c0                count
 *fill*         0x200000c2        0x2 
 .bss           0x200000c4      0x406 Src/ssd1306.o
 *fill*         0x200004ca        0x2 
 .bss           0x200004cc        0x8 Src/syscalls.o
                0x200004cc                __env
 *(.bss*)
 .bss.__malloc_free_list
                0x200004d4        0x4 c:/ac6/systemworkbench/plugins/fr.ac6.mcu.externaltools.arm-none.win32_1.15.0.201708311556/tools/compiler/bin/../lib/gcc/arm-none-eabi/6.3.1/../../../../arm-none-eabi/lib/thumb/v7-m\libc_nano.a(lib_a-nano-mallocr.o)
                0x200004d4                __malloc_free_list
 .bss.__malloc_sbrk_start
                0x200004d8        0x4 c:/ac6/systemworkbench/plugins/fr.ac6.mcu.externaltools.arm-none.win32_1.15.0.201708311556/tools/compiler/bin/../lib/gcc/arm-none-eabi/6.3.1/../../../../arm-none-eabi/lib/thumb/v7-m\libc_nano.a(lib_a-nano-mallocr.o)
                0x200004d8                __malloc_sbrk_start
 *(COMMON)
 COMMON         0x200004dc        0x4 Drivers/STM32F1xx_HAL_Driver/Src/stm32f1xx_hal.o
                0x200004dc                uwTick
 COMMON         0x200004e0       0x20 Drivers/STM32F1xx_HAL_Driver/Src/stm32f1xx_hal_flash.o
                0x200004e0                pFlash
 COMMON         0x20000500      0x147 Src/main.o
                0x20000500                temp_char2
                0x20000504                hi2c1
                0x20000558                hcrc
                0x20000560                sum
                0x20000562                Rh_byte1
                0x20000564                rh_high
                0x20000568                RH
                0x2000056c                htim3
                0x200005ac                TEMP
                0x200005ae                rh_char2
                0x200005b0                temp_high
                0x200005b4                Temp_byte1
                0x200005b8                Main_menu
                0x200005e8                str1
                0x20000624                Rh_byte2
                0x20000628                GPIO_InitStruct
                0x20000638                rh_low
                0x2000063c                temp_char1
                0x20000640                temp_low
                0x20000644                rh_char1
                0x20000646                Temp_byte2
 *fill*         0x20000647        0x1 
 COMMON         0x20000648        0x4 c:/ac6/systemworkbench/plugins/fr.ac6.mcu.externaltools.arm-none.win32_1.15.0.201708311556/tools/compiler/bin/../lib/gcc/arm-none-eabi/6.3.1/../../../../arm-none-eabi/lib/thumb/v7-m\libc_nano.a(lib_a-reent.o)
                0x20000648                errno
                0x2000064c                . = ALIGN (0x4)
                0x2000064c                _ebss = .
                0x2000064c                __bss_end__ = _ebss

._user_heap_stack
                0x2000064c      0x604 load address 0x0800710c
                0x20000650                . = ALIGN (0x8)
 *fill*         0x2000064c        0x4 
                0x20000650                PROVIDE (end, .)
                [!provide]                PROVIDE (_end, .)
                0x20000850                . = (. + _Min_Heap_Size)
 *fill*         0x20000650      0x200 
                0x20000c50                . = (. + _Min_Stack_Size)
 *fill*         0x20000850      0x400 
                0x20000c50                . = ALIGN (0x8)

/DISCARD/
 libc.a(*)
 libm.a(*)
 libgcc.a(*)

.ARM.attributes
                0x00000000       0x29
 *(.ARM.attributes)
 .ARM.attributes
                0x00000000       0x1d c:/ac6/systemworkbench/plugins/fr.ac6.mcu.externaltools.arm-none.win32_1.15.0.201708311556/tools/compiler/bin/../lib/gcc/arm-none-eabi/6.3.1/thumb/v7-m/crti.o
 .ARM.attributes
                0x0000001d       0x2d c:/ac6/systemworkbench/plugins/fr.ac6.mcu.externaltools.arm-none.win32_1.15.0.201708311556/tools/compiler/bin/../lib/gcc/arm-none-eabi/6.3.1/thumb/v7-m/crtbegin.o
 .ARM.attributes
                0x0000004a       0x33 Drivers/STM32F1xx_HAL_Driver/Src/stm32f1xx_hal.o
 .ARM.attributes
                0x0000007d       0x33 Drivers/STM32F1xx_HAL_Driver/Src/stm32f1xx_hal_cortex.o
 .ARM.attributes
                0x000000b0       0x33 Drivers/STM32F1xx_HAL_Driver/Src/stm32f1xx_hal_crc.o
 .ARM.attributes
                0x000000e3       0x33 Drivers/STM32F1xx_HAL_Driver/Src/stm32f1xx_hal_flash.o
 .ARM.attributes
                0x00000116       0x33 Drivers/STM32F1xx_HAL_Driver/Src/stm32f1xx_hal_flash_ex.o
 .ARM.attributes
                0x00000149       0x33 Drivers/STM32F1xx_HAL_Driver/Src/stm32f1xx_hal_gpio.o
 .ARM.attributes
                0x0000017c       0x33 Drivers/STM32F1xx_HAL_Driver/Src/stm32f1xx_hal_i2c.o
 .ARM.attributes
                0x000001af       0x33 Drivers/STM32F1xx_HAL_Driver/Src/stm32f1xx_hal_rcc.o
 .ARM.attributes
                0x000001e2       0x33 Drivers/STM32F1xx_HAL_Driver/Src/stm32f1xx_hal_tim.o
 .ARM.attributes
                0x00000215       0x33 Drivers/STM32F1xx_HAL_Driver/Src/stm32f1xx_hal_tim_ex.o
 .ARM.attributes
                0x00000248       0x33 Src/FlashPROM.o
 .ARM.attributes
                0x0000027b       0x33 Src/ds18b20.o
 .ARM.attributes
                0x000002ae       0x33 Src/dwt_stm32_delay.o
 .ARM.attributes
                0x000002e1       0x33 Src/fonts.o
 .ARM.attributes
                0x00000314       0x33 Src/main.o
 .ARM.attributes
                0x00000347       0x33 Src/ssd1306.o
 .ARM.attributes
                0x0000037a       0x33 Src/stm32f1xx_hal_msp.o
 .ARM.attributes
                0x000003ad       0x33 Src/stm32f1xx_it.o
 .ARM.attributes
                0x000003e0       0x33 Src/syscalls.o
 .ARM.attributes
                0x00000413       0x33 Src/system_stm32f1xx.o
 .ARM.attributes
                0x00000446       0x21 startup/startup_stm32f103xb.o
 .ARM.attributes
                0x00000467       0x2d c:/ac6/systemworkbench/plugins/fr.ac6.mcu.externaltools.arm-none.win32_1.15.0.201708311556/tools/compiler/bin/../lib/gcc/arm-none-eabi/6.3.1/../../../../arm-none-eabi/lib/thumb/v7-m\libm.a(lib_a-s_floor.o)
 .ARM.attributes
                0x00000494       0x1d c:/ac6/systemworkbench/plugins/fr.ac6.mcu.externaltools.arm-none.win32_1.15.0.201708311556/tools/compiler/bin/../lib/gcc/arm-none-eabi/6.3.1/thumb/v7-m\libgcc.a(_arm_addsubdf3.o)
 .ARM.attributes
                0x000004b1       0x1d c:/ac6/systemworkbench/plugins/fr.ac6.mcu.externaltools.arm-none.win32_1.15.0.201708311556/tools/compiler/bin/../lib/gcc/arm-none-eabi/6.3.1/thumb/v7-m\libgcc.a(_arm_cmpdf2.o)
 .ARM.attributes
                0x000004ce       0x1d c:/ac6/systemworkbench/plugins/fr.ac6.mcu.externaltools.arm-none.win32_1.15.0.201708311556/tools/compiler/bin/../lib/gcc/arm-none-eabi/6.3.1/thumb/v7-m\libgcc.a(_arm_fixunsdfsi.o)
 .ARM.attributes
                0x000004eb       0x1d c:/ac6/systemworkbench/plugins/fr.ac6.mcu.externaltools.arm-none.win32_1.15.0.201708311556/tools/compiler/bin/../lib/gcc/arm-none-eabi/6.3.1/thumb/v7-m\libgcc.a(_arm_addsubsf3.o)
 .ARM.attributes
                0x00000508       0x1d c:/ac6/systemworkbench/plugins/fr.ac6.mcu.externaltools.arm-none.win32_1.15.0.201708311556/tools/compiler/bin/../lib/gcc/arm-none-eabi/6.3.1/thumb/v7-m\libgcc.a(_arm_muldivsf3.o)
 .ARM.attributes
                0x00000525       0x2d c:/ac6/systemworkbench/plugins/fr.ac6.mcu.externaltools.arm-none.win32_1.15.0.201708311556/tools/compiler/bin/../lib/gcc/arm-none-eabi/6.3.1/../../../../arm-none-eabi/lib/thumb/v7-m\libc_nano.a(lib_a-errno.o)
 .ARM.attributes
                0x00000552       0x2d c:/ac6/systemworkbench/plugins/fr.ac6.mcu.externaltools.arm-none.win32_1.15.0.201708311556/tools/compiler/bin/../lib/gcc/arm-none-eabi/6.3.1/../../../../arm-none-eabi/lib/thumb/v7-m\libc_nano.a(lib_a-impure.o)
 .ARM.attributes
                0x0000057f       0x2d c:/ac6/systemworkbench/plugins/fr.ac6.mcu.externaltools.arm-none.win32_1.15.0.201708311556/tools/compiler/bin/../lib/gcc/arm-none-eabi/6.3.1/../../../../arm-none-eabi/lib/thumb/v7-m\libc_nano.a(lib_a-init.o)
 .ARM.attributes
                0x000005ac       0x2d c:/ac6/systemworkbench/plugins/fr.ac6.mcu.externaltools.arm-none.win32_1.15.0.201708311556/tools/compiler/bin/../lib/gcc/arm-none-eabi/6.3.1/../../../../arm-none-eabi/lib/thumb/v7-m\libc_nano.a(lib_a-memset.o)
 .ARM.attributes
                0x000005d9       0x2d c:/ac6/systemworkbench/plugins/fr.ac6.mcu.externaltools.arm-none.win32_1.15.0.201708311556/tools/compiler/bin/../lib/gcc/arm-none-eabi/6.3.1/../../../../arm-none-eabi/lib/thumb/v7-m\libc_nano.a(lib_a-snprintf.o)
 .ARM.attributes
                0x00000606       0x2d c:/ac6/systemworkbench/plugins/fr.ac6.mcu.externaltools.arm-none.win32_1.15.0.201708311556/tools/compiler/bin/../lib/gcc/arm-none-eabi/6.3.1/../../../../arm-none-eabi/lib/thumb/v7-m\libc_nano.a(lib_a-nano-svfprintf.o)
 .ARM.attributes
                0x00000633       0x2d c:/ac6/systemworkbench/plugins/fr.ac6.mcu.externaltools.arm-none.win32_1.15.0.201708311556/tools/compiler/bin/../lib/gcc/arm-none-eabi/6.3.1/../../../../arm-none-eabi/lib/thumb/v7-m\libc_nano.a(lib_a-nano-vfprintf_i.o)
 .ARM.attributes
                0x00000660       0x2d c:/ac6/systemworkbench/plugins/fr.ac6.mcu.externaltools.arm-none.win32_1.15.0.201708311556/tools/compiler/bin/../lib/gcc/arm-none-eabi/6.3.1/../../../../arm-none-eabi/lib/thumb/v7-m\libc_nano.a(lib_a-memchr-stub.o)
 .ARM.attributes
                0x0000068d       0x2d c:/ac6/systemworkbench/plugins/fr.ac6.mcu.externaltools.arm-none.win32_1.15.0.201708311556/tools/compiler/bin/../lib/gcc/arm-none-eabi/6.3.1/../../../../arm-none-eabi/lib/thumb/v7-m\libc_nano.a(lib_a-memcpy-stub.o)
 .ARM.attributes
                0x000006ba       0x2d c:/ac6/systemworkbench/plugins/fr.ac6.mcu.externaltools.arm-none.win32_1.15.0.201708311556/tools/compiler/bin/../lib/gcc/arm-none-eabi/6.3.1/../../../../arm-none-eabi/lib/thumb/v7-m\libc_nano.a(lib_a-memmove.o)
 .ARM.attributes
                0x000006e7       0x2d c:/ac6/systemworkbench/plugins/fr.ac6.mcu.externaltools.arm-none.win32_1.15.0.201708311556/tools/compiler/bin/../lib/gcc/arm-none-eabi/6.3.1/../../../../arm-none-eabi/lib/thumb/v7-m\libc_nano.a(lib_a-nano-freer.o)
 .ARM.attributes
                0x00000714       0x2d c:/ac6/systemworkbench/plugins/fr.ac6.mcu.externaltools.arm-none.win32_1.15.0.201708311556/tools/compiler/bin/../lib/gcc/arm-none-eabi/6.3.1/../../../../arm-none-eabi/lib/thumb/v7-m\libc_nano.a(lib_a-nano-mallocr.o)
 .ARM.attributes
                0x00000741       0x2d c:/ac6/systemworkbench/plugins/fr.ac6.mcu.externaltools.arm-none.win32_1.15.0.201708311556/tools/compiler/bin/../lib/gcc/arm-none-eabi/6.3.1/../../../../arm-none-eabi/lib/thumb/v7-m\libc_nano.a(lib_a-nano-reallocr.o)
 .ARM.attributes
                0x0000076e       0x2d c:/ac6/systemworkbench/plugins/fr.ac6.mcu.externaltools.arm-none.win32_1.15.0.201708311556/tools/compiler/bin/../lib/gcc/arm-none-eabi/6.3.1/../../../../arm-none-eabi/lib/thumb/v7-m\libc_nano.a(lib_a-sbrkr.o)
 .ARM.attributes
                0x0000079b       0x2d c:/ac6/systemworkbench/plugins/fr.ac6.mcu.externaltools.arm-none.win32_1.15.0.201708311556/tools/compiler/bin/../lib/gcc/arm-none-eabi/6.3.1/../../../../arm-none-eabi/lib/thumb/v7-m\libc_nano.a(lib_a-mlock.o)
 .ARM.attributes
                0x000007c8       0x2d c:/ac6/systemworkbench/plugins/fr.ac6.mcu.externaltools.arm-none.win32_1.15.0.201708311556/tools/compiler/bin/../lib/gcc/arm-none-eabi/6.3.1/../../../../arm-none-eabi/lib/thumb/v7-m\libc_nano.a(lib_a-nano-msizer.o)
 .ARM.attributes
                0x000007f5       0x2d c:/ac6/systemworkbench/plugins/fr.ac6.mcu.externaltools.arm-none.win32_1.15.0.201708311556/tools/compiler/bin/../lib/gcc/arm-none-eabi/6.3.1/../../../../arm-none-eabi/lib/thumb/v7-m\libc_nano.a(lib_a-reent.o)
 .ARM.attributes
                0x00000822       0x1d c:/ac6/systemworkbench/plugins/fr.ac6.mcu.externaltools.arm-none.win32_1.15.0.201708311556/tools/compiler/bin/../lib/gcc/arm-none-eabi/6.3.1/thumb/v7-m/crtn.o
OUTPUT(Mi_termometrv3.elf elf32-littlearm)

.debug_info     0x00000000    0x1726b
 .debug_info    0x00000000      0xf0e Drivers/STM32F1xx_HAL_Driver/Src/stm32f1xx_hal.o
 .debug_info    0x00000f0e     0x135d Drivers/STM32F1xx_HAL_Driver/Src/stm32f1xx_hal_cortex.o
 .debug_info    0x0000226b      0xc3e Drivers/STM32F1xx_HAL_Driver/Src/stm32f1xx_hal_crc.o
 .debug_info    0x00002ea9      0xdbd Drivers/STM32F1xx_HAL_Driver/Src/stm32f1xx_hal_flash.o
 .debug_info    0x00003c66     0x1041 Drivers/STM32F1xx_HAL_Driver/Src/stm32f1xx_hal_flash_ex.o
 .debug_info    0x00004ca7      0xec0 Drivers/STM32F1xx_HAL_Driver/Src/stm32f1xx_hal_gpio.o
 .debug_info    0x00005b67     0x29cf Drivers/STM32F1xx_HAL_Driver/Src/stm32f1xx_hal_i2c.o
 .debug_info    0x00008536     0x103c Drivers/STM32F1xx_HAL_Driver/Src/stm32f1xx_hal_rcc.o
 .debug_info    0x00009572     0x2a25 Drivers/STM32F1xx_HAL_Driver/Src/stm32f1xx_hal_tim.o
 .debug_info    0x0000bf97     0x17d5 Drivers/STM32F1xx_HAL_Driver/Src/stm32f1xx_hal_tim_ex.o
 .debug_info    0x0000d76c      0xcfc Src/FlashPROM.o
 .debug_info    0x0000e468      0xdeb Src/ds18b20.o
 .debug_info    0x0000f253      0xb43 Src/dwt_stm32_delay.o
 .debug_info    0x0000fd96      0xa9a Src/fonts.o
 .debug_info    0x00010830     0x1e43 Src/main.o
 .debug_info    0x00012673     0x10d4 Src/ssd1306.o
 .debug_info    0x00013747     0x1513 Src/stm32f1xx_hal_msp.o
 .debug_info    0x00014c5a      0xa22 Src/stm32f1xx_it.o
 .debug_info    0x0001567c      0xf2a Src/syscalls.o
 .debug_info    0x000165a6      0xc5e Src/system_stm32f1xx.o
 .debug_info    0x00017204       0x67 startup/startup_stm32f103xb.o

.debug_abbrev   0x00000000     0x3512
 .debug_abbrev  0x00000000      0x2f3 Drivers/STM32F1xx_HAL_Driver/Src/stm32f1xx_hal.o
 .debug_abbrev  0x000002f3      0x394 Drivers/STM32F1xx_HAL_Driver/Src/stm32f1xx_hal_cortex.o
 .debug_abbrev  0x00000687      0x284 Drivers/STM32F1xx_HAL_Driver/Src/stm32f1xx_hal_crc.o
 .debug_abbrev  0x0000090b      0x2e6 Drivers/STM32F1xx_HAL_Driver/Src/stm32f1xx_hal_flash.o
 .debug_abbrev  0x00000bf1      0x2e8 Drivers/STM32F1xx_HAL_Driver/Src/stm32f1xx_hal_flash_ex.o
 .debug_abbrev  0x00000ed9      0x287 Drivers/STM32F1xx_HAL_Driver/Src/stm32f1xx_hal_gpio.o
 .debug_abbrev  0x00001160      0x2e0 Drivers/STM32F1xx_HAL_Driver/Src/stm32f1xx_hal_i2c.o
 .debug_abbrev  0x00001440      0x321 Drivers/STM32F1xx_HAL_Driver/Src/stm32f1xx_hal_rcc.o
 .debug_abbrev  0x00001761      0x2e6 Drivers/STM32F1xx_HAL_Driver/Src/stm32f1xx_hal_tim.o
 .debug_abbrev  0x00001a47      0x2c3 Drivers/STM32F1xx_HAL_Driver/Src/stm32f1xx_hal_tim_ex.o
 .debug_abbrev  0x00001d0a      0x278 Src/FlashPROM.o
 .debug_abbrev  0x00001f82      0x285 Src/ds18b20.o
 .debug_abbrev  0x00002207      0x1cb Src/dwt_stm32_delay.o
 .debug_abbrev  0x000023d2      0x1d2 Src/fonts.o
 .debug_abbrev  0x000025a4      0x3b0 Src/main.o
 .debug_abbrev  0x00002954      0x285 Src/ssd1306.o
 .debug_abbrev  0x00002bd9      0x276 Src/stm32f1xx_hal_msp.o
 .debug_abbrev  0x00002e4f      0x1e1 Src/stm32f1xx_it.o
 .debug_abbrev  0x00003030      0x2aa Src/syscalls.o
 .debug_abbrev  0x000032da      0x226 Src/system_stm32f1xx.o
 .debug_abbrev  0x00003500       0x12 startup/startup_stm32f103xb.o

.debug_aranges  0x00000000      0xf10
 .debug_aranges
                0x00000000       0xd0 Drivers/STM32F1xx_HAL_Driver/Src/stm32f1xx_hal.o
 .debug_aranges
                0x000000d0      0x100 Drivers/STM32F1xx_HAL_Driver/Src/stm32f1xx_hal_cortex.o
 .debug_aranges
                0x000001d0       0x50 Drivers/STM32F1xx_HAL_Driver/Src/stm32f1xx_hal_crc.o
 .debug_aranges
                0x00000220       0x88 Drivers/STM32F1xx_HAL_Driver/Src/stm32f1xx_hal_flash.o
 .debug_aranges
                0x000002a8       0x98 Drivers/STM32F1xx_HAL_Driver/Src/stm32f1xx_hal_flash_ex.o
 .debug_aranges
                0x00000340       0x58 Drivers/STM32F1xx_HAL_Driver/Src/stm32f1xx_hal_gpio.o
 .debug_aranges
                0x00000398      0x268 Drivers/STM32F1xx_HAL_Driver/Src/stm32f1xx_hal_i2c.o
 .debug_aranges
                0x00000600       0x90 Drivers/STM32F1xx_HAL_Driver/Src/stm32f1xx_hal_rcc.o
 .debug_aranges
                0x00000690      0x368 Drivers/STM32F1xx_HAL_Driver/Src/stm32f1xx_hal_tim.o
 .debug_aranges
                0x000009f8      0x138 Drivers/STM32F1xx_HAL_Driver/Src/stm32f1xx_hal_tim_ex.o
 .debug_aranges
                0x00000b30       0x38 Src/FlashPROM.o
 .debug_aranges
                0x00000b68       0xc0 Src/ds18b20.o
 .debug_aranges
                0x00000c28       0x20 Src/dwt_stm32_delay.o
 .debug_aranges
                0x00000c48       0x18 Src/fonts.o
 .debug_aranges
                0x00000c60       0xa8 Src/main.o
 .debug_aranges
                0x00000d08       0x58 Src/ssd1306.o
 .debug_aranges
                0x00000d60       0x50 Src/stm32f1xx_hal_msp.o
 .debug_aranges
                0x00000db0       0x60 Src/stm32f1xx_it.o
 .debug_aranges
                0x00000e10       0xb0 Src/syscalls.o
 .debug_aranges
                0x00000ec0       0x28 Src/system_stm32f1xx.o
 .debug_aranges
                0x00000ee8       0x28 startup/startup_stm32f103xb.o

.debug_ranges   0x00000000      0xdc0
 .debug_ranges  0x00000000       0xc0 Drivers/STM32F1xx_HAL_Driver/Src/stm32f1xx_hal.o
 .debug_ranges  0x000000c0       0xf0 Drivers/STM32F1xx_HAL_Driver/Src/stm32f1xx_hal_cortex.o
 .debug_ranges  0x000001b0       0x40 Drivers/STM32F1xx_HAL_Driver/Src/stm32f1xx_hal_crc.o
 .debug_ranges  0x000001f0       0x78 Drivers/STM32F1xx_HAL_Driver/Src/stm32f1xx_hal_flash.o
 .debug_ranges  0x00000268       0x88 Drivers/STM32F1xx_HAL_Driver/Src/stm32f1xx_hal_flash_ex.o
 .debug_ranges  0x000002f0       0x48 Drivers/STM32F1xx_HAL_Driver/Src/stm32f1xx_hal_gpio.o
 .debug_ranges  0x00000338      0x258 Drivers/STM32F1xx_HAL_Driver/Src/stm32f1xx_hal_i2c.o
 .debug_ranges  0x00000590       0x80 Drivers/STM32F1xx_HAL_Driver/Src/stm32f1xx_hal_rcc.o
 .debug_ranges  0x00000610      0x358 Drivers/STM32F1xx_HAL_Driver/Src/stm32f1xx_hal_tim.o
 .debug_ranges  0x00000968      0x128 Drivers/STM32F1xx_HAL_Driver/Src/stm32f1xx_hal_tim_ex.o
 .debug_ranges  0x00000a90       0x28 Src/FlashPROM.o
 .debug_ranges  0x00000ab8       0xb0 Src/ds18b20.o
 .debug_ranges  0x00000b68       0x10 Src/dwt_stm32_delay.o
 .debug_ranges  0x00000b78       0x98 Src/main.o
 .debug_ranges  0x00000c10       0x48 Src/ssd1306.o
 .debug_ranges  0x00000c58       0x40 Src/stm32f1xx_hal_msp.o
 .debug_ranges  0x00000c98       0x50 Src/stm32f1xx_it.o
 .debug_ranges  0x00000ce8       0xa0 Src/syscalls.o
 .debug_ranges  0x00000d88       0x18 Src/system_stm32f1xx.o
 .debug_ranges  0x00000da0       0x20 startup/startup_stm32f103xb.o

.debug_macro    0x00000000    0x176fe
 .debug_macro   0x00000000      0x305 Drivers/STM32F1xx_HAL_Driver/Src/stm32f1xx_hal.o
 .debug_macro   0x00000305      0x8bc Drivers/STM32F1xx_HAL_Driver/Src/stm32f1xx_hal.o
 .debug_macro   0x00000bc1      0x175 Drivers/STM32F1xx_HAL_Driver/Src/stm32f1xx_hal.o
 .debug_macro   0x00000d36       0x2e Drivers/STM32F1xx_HAL_Driver/Src/stm32f1xx_hal.o
 .debug_macro   0x00000d64       0x22 Drivers/STM32F1xx_HAL_Driver/Src/stm32f1xx_hal.o
 .debug_macro   0x00000d86       0x22 Drivers/STM32F1xx_HAL_Driver/Src/stm32f1xx_hal.o
 .debug_macro   0x00000da8       0x87 Drivers/STM32F1xx_HAL_Driver/Src/stm32f1xx_hal.o
 .debug_macro   0x00000e2f       0x51 Drivers/STM32F1xx_HAL_Driver/Src/stm32f1xx_hal.o
 .debug_macro   0x00000e80       0xef Drivers/STM32F1xx_HAL_Driver/Src/stm32f1xx_hal.o
 .debug_macro   0x00000f6f       0x6a Drivers/STM32F1xx_HAL_Driver/Src/stm32f1xx_hal.o
 .debug_macro   0x00000fd9      0x1df Drivers/STM32F1xx_HAL_Driver/Src/stm32f1xx_hal.o
 .debug_macro   0x000011b8       0x34 Drivers/STM32F1xx_HAL_Driver/Src/stm32f1xx_hal.o
 .debug_macro   0x000011ec       0x34 Drivers/STM32F1xx_HAL_Driver/Src/stm32f1xx_hal.o
 .debug_macro   0x00001220      0xb8e Drivers/STM32F1xx_HAL_Driver/Src/stm32f1xx_hal.o
 .debug_macro   0x00001dae     0xe911 Drivers/STM32F1xx_HAL_Driver/Src/stm32f1xx_hal.o
 .debug_macro   0x000106bf       0x43 Drivers/STM32F1xx_HAL_Driver/Src/stm32f1xx_hal.o
 .debug_macro   0x00010702       0x58 Drivers/STM32F1xx_HAL_Driver/Src/stm32f1xx_hal.o
 .debug_macro   0x0001075a       0x35 Drivers/STM32F1xx_HAL_Driver/Src/stm32f1xx_hal.o
 .debug_macro   0x0001078f       0x9c Drivers/STM32F1xx_HAL_Driver/Src/stm32f1xx_hal.o
 .debug_macro   0x0001082b       0x16 Drivers/STM32F1xx_HAL_Driver/Src/stm32f1xx_hal.o
 .debug_macro   0x00010841       0x97 Drivers/STM32F1xx_HAL_Driver/Src/stm32f1xx_hal.o
 .debug_macro   0x000108d8      0x330 Drivers/STM32F1xx_HAL_Driver/Src/stm32f1xx_hal.o
 .debug_macro   0x00010c08       0xfd Drivers/STM32F1xx_HAL_Driver/Src/stm32f1xx_hal.o
 .debug_macro   0x00010d05       0x10 Drivers/STM32F1xx_HAL_Driver/Src/stm32f1xx_hal.o
 .debug_macro   0x00010d15       0x58 Drivers/STM32F1xx_HAL_Driver/Src/stm32f1xx_hal.o
 .debug_macro   0x00010d6d       0x1f Drivers/STM32F1xx_HAL_Driver/Src/stm32f1xx_hal.o
 .debug_macro   0x00010d8c       0x43 Drivers/STM32F1xx_HAL_Driver/Src/stm32f1xx_hal.o
 .debug_macro   0x00010dcf       0x20 Drivers/STM32F1xx_HAL_Driver/Src/stm32f1xx_hal.o
 .debug_macro   0x00010def      0x187 Drivers/STM32F1xx_HAL_Driver/Src/stm32f1xx_hal.o
 .debug_macro   0x00010f76       0x10 Drivers/STM32F1xx_HAL_Driver/Src/stm32f1xx_hal.o
 .debug_macro   0x00010f86       0x1c Drivers/STM32F1xx_HAL_Driver/Src/stm32f1xx_hal.o
 .debug_macro   0x00010fa2       0x52 Drivers/STM32F1xx_HAL_Driver/Src/stm32f1xx_hal.o
 .debug_macro   0x00010ff4       0x40 Drivers/STM32F1xx_HAL_Driver/Src/stm32f1xx_hal.o
 .debug_macro   0x00011034       0x10 Drivers/STM32F1xx_HAL_Driver/Src/stm32f1xx_hal.o
 .debug_macro   0x00011044       0x40 Drivers/STM32F1xx_HAL_Driver/Src/stm32f1xx_hal.o
 .debug_macro   0x00011084       0xd7 Drivers/STM32F1xx_HAL_Driver/Src/stm32f1xx_hal.o
 .debug_macro   0x0001115b       0x16 Drivers/STM32F1xx_HAL_Driver/Src/stm32f1xx_hal.o
 .debug_macro   0x00011171      0x18b Drivers/STM32F1xx_HAL_Driver/Src/stm32f1xx_hal.o
 .debug_macro   0x000112fc       0x50 Drivers/STM32F1xx_HAL_Driver/Src/stm32f1xx_hal.o
 .debug_macro   0x0001134c      0x5c2 Drivers/STM32F1xx_HAL_Driver/Src/stm32f1xx_hal.o
 .debug_macro   0x0001190e      0x28a Drivers/STM32F1xx_HAL_Driver/Src/stm32f1xx_hal.o
 .debug_macro   0x00011b98      0x1cb Drivers/STM32F1xx_HAL_Driver/Src/stm32f1xx_hal.o
 .debug_macro   0x00011d63      0x11e Drivers/STM32F1xx_HAL_Driver/Src/stm32f1xx_hal.o
 .debug_macro   0x00011e81      0x1b3 Drivers/STM32F1xx_HAL_Driver/Src/stm32f1xx_hal.o
 .debug_macro   0x00012034       0x27 Drivers/STM32F1xx_HAL_Driver/Src/stm32f1xx_hal.o
 .debug_macro   0x0001205b      0x1bc Drivers/STM32F1xx_HAL_Driver/Src/stm32f1xx_hal.o
 .debug_macro   0x00012217       0x34 Drivers/STM32F1xx_HAL_Driver/Src/stm32f1xx_hal.o
 .debug_macro   0x0001224b       0x3c Drivers/STM32F1xx_HAL_Driver/Src/stm32f1xx_hal.o
 .debug_macro   0x00012287       0x57 Drivers/STM32F1xx_HAL_Driver/Src/stm32f1xx_hal.o
 .debug_macro   0x000122de       0x22 Drivers/STM32F1xx_HAL_Driver/Src/stm32f1xx_hal.o
 .debug_macro   0x00012300       0x8c Drivers/STM32F1xx_HAL_Driver/Src/stm32f1xx_hal.o
 .debug_macro   0x0001238c      0x242 Drivers/STM32F1xx_HAL_Driver/Src/stm32f1xx_hal.o
 .debug_macro   0x000125ce      0x264 Drivers/STM32F1xx_HAL_Driver/Src/stm32f1xx_hal.o
 .debug_macro   0x00012832      0x143 Drivers/STM32F1xx_HAL_Driver/Src/stm32f1xx_hal.o
 .debug_macro   0x00012975      0x853 Drivers/STM32F1xx_HAL_Driver/Src/stm32f1xx_hal.o
 .debug_macro   0x000131c8       0x1f Drivers/STM32F1xx_HAL_Driver/Src/stm32f1xx_hal.o
 .debug_macro   0x000131e7       0x83 Drivers/STM32F1xx_HAL_Driver/Src/stm32f1xx_hal.o
 .debug_macro   0x0001326a      0x2e1 Drivers/STM32F1xx_HAL_Driver/Src/stm32f1xx_hal_cortex.o
 .debug_macro   0x0001354b      0x2e1 Drivers/STM32F1xx_HAL_Driver/Src/stm32f1xx_hal_crc.o
 .debug_macro   0x0001382c      0x2e1 Drivers/STM32F1xx_HAL_Driver/Src/stm32f1xx_hal_flash.o
 .debug_macro   0x00013b0d      0x2f3 Drivers/STM32F1xx_HAL_Driver/Src/stm32f1xx_hal_flash_ex.o
 .debug_macro   0x00013e00      0x351 Drivers/STM32F1xx_HAL_Driver/Src/stm32f1xx_hal_gpio.o
 .debug_macro   0x00014151      0x321 Drivers/STM32F1xx_HAL_Driver/Src/stm32f1xx_hal_i2c.o
 .debug_macro   0x00014472      0x2f3 Drivers/STM32F1xx_HAL_Driver/Src/stm32f1xx_hal_rcc.o
 .debug_macro   0x00014765      0x2e1 Drivers/STM32F1xx_HAL_Driver/Src/stm32f1xx_hal_tim.o
 .debug_macro   0x00014a46      0x2e1 Drivers/STM32F1xx_HAL_Driver/Src/stm32f1xx_hal_tim_ex.o
 .debug_macro   0x00014d27      0x320 Src/FlashPROM.o
 .debug_macro   0x00015047       0x40 Src/FlashPROM.o
 .debug_macro   0x00015087       0x16 Src/FlashPROM.o
 .debug_macro   0x0001509d       0x35 Src/FlashPROM.o
 .debug_macro   0x000150d2       0x2e Src/FlashPROM.o
 .debug_macro   0x00015100      0x345 Src/ds18b20.o
 .debug_macro   0x00015445       0x16 Src/ds18b20.o
 .debug_macro   0x0001545b       0x16 Src/ds18b20.o
 .debug_macro   0x00015471       0x29 Src/ds18b20.o
 .debug_macro   0x0001549a       0x28 Src/ds18b20.o
 .debug_macro   0x000154c2      0x2eb Src/dwt_stm32_delay.o
 .debug_macro   0x000157ad      0x2eb Src/fonts.o
 .debug_macro   0x00015a98      0x395 Src/main.o
 .debug_macro   0x00015e2d       0x22 Src/main.o
 .debug_macro   0x00015e4f      0x1e1 Src/main.o
 .debug_macro   0x00016030       0x2e Src/main.o
 .debug_macro   0x0001605e      0x2f4 Src/ssd1306.o
 .debug_macro   0x00016352      0x2f0 Src/stm32f1xx_hal_msp.o
 .debug_macro   0x00016642      0x2fa Src/stm32f1xx_it.o
 .debug_macro   0x0001693c      0x236 Src/syscalls.o
 .debug_macro   0x00016b72       0x52 Src/syscalls.o
 .debug_macro   0x00016bc4       0x8d Src/syscalls.o
 .debug_macro   0x00016c51       0x57 Src/syscalls.o
 .debug_macro   0x00016ca8      0x174 Src/syscalls.o
 .debug_macro   0x00016e1c       0x10 Src/syscalls.o
 .debug_macro   0x00016e2c       0x10 Src/syscalls.o
 .debug_macro   0x00016e3c       0x10 Src/syscalls.o
 .debug_macro   0x00016e4c       0x35 Src/syscalls.o
 .debug_macro   0x00016e81      0x122 Src/syscalls.o
 .debug_macro   0x00016fa3       0x10 Src/syscalls.o
 .debug_macro   0x00016fb3      0x241 Src/syscalls.o
 .debug_macro   0x000171f4       0x1c Src/syscalls.o
 .debug_macro   0x00017210       0x10 Src/syscalls.o
 .debug_macro   0x00017220      0x159 Src/syscalls.o
 .debug_macro   0x00017379       0x16 Src/syscalls.o
 .debug_macro   0x0001738f       0x88 Src/syscalls.o
 .debug_macro   0x00017417      0x2e7 Src/system_stm32f1xx.o

.debug_line     0x00000000     0xc5fc
 .debug_line    0x00000000      0x898 Drivers/STM32F1xx_HAL_Driver/Src/stm32f1xx_hal.o
 .debug_line    0x00000898      0x987 Drivers/STM32F1xx_HAL_Driver/Src/stm32f1xx_hal_cortex.o
 .debug_line    0x0000121f      0x7c2 Drivers/STM32F1xx_HAL_Driver/Src/stm32f1xx_hal_crc.o
 .debug_line    0x000019e1      0x8d8 Drivers/STM32F1xx_HAL_Driver/Src/stm32f1xx_hal_flash.o
 .debug_line    0x000022b9      0x927 Drivers/STM32F1xx_HAL_Driver/Src/stm32f1xx_hal_flash_ex.o
 .debug_line    0x00002be0      0x8d0 Drivers/STM32F1xx_HAL_Driver/Src/stm32f1xx_hal_gpio.o
 .debug_line    0x000034b0     0x1792 Drivers/STM32F1xx_HAL_Driver/Src/stm32f1xx_hal_i2c.o
 .debug_line    0x00004c42      0x982 Drivers/STM32F1xx_HAL_Driver/Src/stm32f1xx_hal_rcc.o
 .debug_line    0x000055c4     0x1662 Drivers/STM32F1xx_HAL_Driver/Src/stm32f1xx_hal_tim.o
 .debug_line    0x00006c26      0xc55 Drivers/STM32F1xx_HAL_Driver/Src/stm32f1xx_hal_tim_ex.o
 .debug_line    0x0000787b      0x7b8 Src/FlashPROM.o
 .debug_line    0x00008033      0x9b1 Src/ds18b20.o
 .debug_line    0x000089e4      0x6ee Src/dwt_stm32_delay.o
 .debug_line    0x000090d2      0x6bf Src/fonts.o
 .debug_line    0x00009791      0xa23 Src/main.o
 .debug_line    0x0000a1b4      0x80a Src/ssd1306.o
 .debug_line    0x0000a9be      0x75e Src/stm32f1xx_hal_msp.o
 .debug_line    0x0000b11c      0x781 Src/stm32f1xx_it.o
 .debug_line    0x0000b89d      0x5d4 Src/syscalls.o
 .debug_line    0x0000be71      0x70e Src/system_stm32f1xx.o
 .debug_line    0x0000c57f       0x7d startup/startup_stm32f103xb.o

.debug_str      0x00000000    0x73c64
 .debug_str     0x00000000    0x6e307 Drivers/STM32F1xx_HAL_Driver/Src/stm32f1xx_hal.o
                              0x6e6ba (size before relaxing)
 .debug_str     0x0006e307      0x326 Drivers/STM32F1xx_HAL_Driver/Src/stm32f1xx_hal_cortex.o
                              0x6e6ce (size before relaxing)
 .debug_str     0x0006e62d      0x1aa Drivers/STM32F1xx_HAL_Driver/Src/stm32f1xx_hal_crc.o
                              0x6e1b4 (size before relaxing)
 .debug_str     0x0006e7d7      0x280 Drivers/STM32F1xx_HAL_Driver/Src/stm32f1xx_hal_flash.o
                              0x6e321 (size before relaxing)
 .debug_str     0x0006ea57      0x363 Drivers/STM32F1xx_HAL_Driver/Src/stm32f1xx_hal_flash_ex.o
                              0x6e4e5 (size before relaxing)
 .debug_str     0x0006edba      0x39f Drivers/STM32F1xx_HAL_Driver/Src/stm32f1xx_hal_gpio.o
                              0x6e415 (size before relaxing)
 .debug_str     0x0006f159      0xe52 Drivers/STM32F1xx_HAL_Driver/Src/stm32f1xx_hal_i2c.o
                              0x6ef0b (size before relaxing)
 .debug_str     0x0006ffab      0x35d Drivers/STM32F1xx_HAL_Driver/Src/stm32f1xx_hal_rcc.o
                              0x6e443 (size before relaxing)
 .debug_str     0x00070308      0xed7 Drivers/STM32F1xx_HAL_Driver/Src/stm32f1xx_hal_tim.o
                              0x6f115 (size before relaxing)
 .debug_str     0x000711df      0x527 Drivers/STM32F1xx_HAL_Driver/Src/stm32f1xx_hal_tim_ex.o
                              0x6e9b2 (size before relaxing)
 .debug_str     0x00071706      0x250 Src/FlashPROM.o
                              0x6e373 (size before relaxing)
 .debug_str     0x00071956      0x2f1 Src/ds18b20.o
                              0x6e2fe (size before relaxing)
 .debug_str     0x00071c47       0xf5 Src/dwt_stm32_delay.o
                              0x6e0cc (size before relaxing)
 .debug_str     0x00071d3c       0x70 Src/fonts.o
                              0x6e03d (size before relaxing)
 .debug_str     0x00071dac      0xbc1 Src/main.o
                              0x6f9bf (size before relaxing)
 .debug_str     0x0007296d      0x108 Src/ssd1306.o
                              0x6e5db (size before relaxing)
 .debug_str     0x00072a75       0x28 Src/stm32f1xx_hal_msp.o
                              0x6e8f7 (size before relaxing)
 .debug_str     0x00072a9d       0xb8 Src/stm32f1xx_it.o
                              0x6e15d (size before relaxing)
 .debug_str     0x00072b55     0x10a6 Src/syscalls.o
                               0x7d18 (size before relaxing)
 .debug_str     0x00073bfb       0x69 Src/system_stm32f1xx.o
                              0x6e0c0 (size before relaxing)

.comment        0x00000000       0x7f
 .comment       0x00000000       0x7f Drivers/STM32F1xx_HAL_Driver/Src/stm32f1xx_hal.o
                                 0x80 (size before relaxing)
 .comment       0x0000007f       0x80 Drivers/STM32F1xx_HAL_Driver/Src/stm32f1xx_hal_cortex.o
 .comment       0x0000007f       0x80 Drivers/STM32F1xx_HAL_Driver/Src/stm32f1xx_hal_crc.o
 .comment       0x0000007f       0x80 Drivers/STM32F1xx_HAL_Driver/Src/stm32f1xx_hal_flash.o
 .comment       0x0000007f       0x80 Drivers/STM32F1xx_HAL_Driver/Src/stm32f1xx_hal_flash_ex.o
 .comment       0x0000007f       0x80 Drivers/STM32F1xx_HAL_Driver/Src/stm32f1xx_hal_gpio.o
 .comment       0x0000007f       0x80 Drivers/STM32F1xx_HAL_Driver/Src/stm32f1xx_hal_i2c.o
 .comment       0x0000007f       0x80 Drivers/STM32F1xx_HAL_Driver/Src/stm32f1xx_hal_rcc.o
 .comment       0x0000007f       0x80 Drivers/STM32F1xx_HAL_Driver/Src/stm32f1xx_hal_tim.o
 .comment       0x0000007f       0x80 Drivers/STM32F1xx_HAL_Driver/Src/stm32f1xx_hal_tim_ex.o
 .comment       0x0000007f       0x80 Src/FlashPROM.o
 .comment       0x0000007f       0x80 Src/ds18b20.o
 .comment       0x0000007f       0x80 Src/dwt_stm32_delay.o
 .comment       0x0000007f       0x80 Src/fonts.o
 .comment       0x0000007f       0x80 Src/main.o
 .comment       0x0000007f       0x80 Src/ssd1306.o
 .comment       0x0000007f       0x80 Src/stm32f1xx_hal_msp.o
 .comment       0x0000007f       0x80 Src/stm32f1xx_it.o
 .comment       0x0000007f       0x80 Src/syscalls.o
 .comment       0x0000007f       0x80 Src/system_stm32f1xx.o

.debug_frame    0x00000000     0x4324
 .debug_frame   0x00000000      0x2fc Drivers/STM32F1xx_HAL_Driver/Src/stm32f1xx_hal.o
 .debug_frame   0x000002fc      0x428 Drivers/STM32F1xx_HAL_Driver/Src/stm32f1xx_hal_cortex.o
 .debug_frame   0x00000724      0x120 Drivers/STM32F1xx_HAL_Driver/Src/stm32f1xx_hal_crc.o
 .debug_frame   0x00000844      0x214 Drivers/STM32F1xx_HAL_Driver/Src/stm32f1xx_hal_flash.o
 .debug_frame   0x00000a58      0x258 Drivers/STM32F1xx_HAL_Driver/Src/stm32f1xx_hal_flash_ex.o
 .debug_frame   0x00000cb0      0x14c Drivers/STM32F1xx_HAL_Driver/Src/stm32f1xx_hal_gpio.o
 .debug_frame   0x00000dfc      0xb30 Drivers/STM32F1xx_HAL_Driver/Src/stm32f1xx_hal_i2c.o
 .debug_frame   0x0000192c      0x21c Drivers/STM32F1xx_HAL_Driver/Src/stm32f1xx_hal_rcc.o
 .debug_frame   0x00001b48      0xfb4 Drivers/STM32F1xx_HAL_Driver/Src/stm32f1xx_hal_tim.o
 .debug_frame   0x00002afc      0x54c Drivers/STM32F1xx_HAL_Driver/Src/stm32f1xx_hal_tim_ex.o
 .debug_frame   0x00003048       0xac Src/FlashPROM.o
 .debug_frame   0x000030f4      0x304 Src/ds18b20.o
 .debug_frame   0x000033f8       0x30 Src/dwt_stm32_delay.o
 .debug_frame   0x00003428      0x260 Src/main.o
 .debug_frame   0x00003688      0x138 Src/ssd1306.o
 .debug_frame   0x000037c0      0x118 Src/stm32f1xx_hal_msp.o
 .debug_frame   0x000038d8      0x10c Src/stm32f1xx_it.o
 .debug_frame   0x000039e4      0x2d4 Src/syscalls.o
 .debug_frame   0x00003cb8       0x58 Src/system_stm32f1xx.o
 .debug_frame   0x00003d10       0x34 c:/ac6/systemworkbench/plugins/fr.ac6.mcu.externaltools.arm-none.win32_1.15.0.201708311556/tools/compiler/bin/../lib/gcc/arm-none-eabi/6.3.1/../../../../arm-none-eabi/lib/thumb/v7-m\libm.a(lib_a-s_floor.o)
 .debug_frame   0x00003d44       0xac c:/ac6/systemworkbench/plugins/fr.ac6.mcu.externaltools.arm-none.win32_1.15.0.201708311556/tools/compiler/bin/../lib/gcc/arm-none-eabi/6.3.1/thumb/v7-m\libgcc.a(_arm_addsubdf3.o)
 .debug_frame   0x00003df0       0xc4 c:/ac6/systemworkbench/plugins/fr.ac6.mcu.externaltools.arm-none.win32_1.15.0.201708311556/tools/compiler/bin/../lib/gcc/arm-none-eabi/6.3.1/thumb/v7-m\libgcc.a(_arm_cmpdf2.o)
 .debug_frame   0x00003eb4       0x24 c:/ac6/systemworkbench/plugins/fr.ac6.mcu.externaltools.arm-none.win32_1.15.0.201708311556/tools/compiler/bin/../lib/gcc/arm-none-eabi/6.3.1/thumb/v7-m\libgcc.a(_arm_fixunsdfsi.o)
 .debug_frame   0x00003ed8       0x4c c:/ac6/systemworkbench/plugins/fr.ac6.mcu.externaltools.arm-none.win32_1.15.0.201708311556/tools/compiler/bin/../lib/gcc/arm-none-eabi/6.3.1/thumb/v7-m\libgcc.a(_arm_addsubsf3.o)
 .debug_frame   0x00003f24       0x38 c:/ac6/systemworkbench/plugins/fr.ac6.mcu.externaltools.arm-none.win32_1.15.0.201708311556/tools/compiler/bin/../lib/gcc/arm-none-eabi/6.3.1/thumb/v7-m\libgcc.a(_arm_muldivsf3.o)
 .debug_frame   0x00003f5c       0x20 c:/ac6/systemworkbench/plugins/fr.ac6.mcu.externaltools.arm-none.win32_1.15.0.201708311556/tools/compiler/bin/../lib/gcc/arm-none-eabi/6.3.1/../../../../arm-none-eabi/lib/thumb/v7-m\libc_nano.a(lib_a-errno.o)
 .debug_frame   0x00003f7c       0x2c c:/ac6/systemworkbench/plugins/fr.ac6.mcu.externaltools.arm-none.win32_1.15.0.201708311556/tools/compiler/bin/../lib/gcc/arm-none-eabi/6.3.1/../../../../arm-none-eabi/lib/thumb/v7-m\libc_nano.a(lib_a-init.o)
 .debug_frame   0x00003fa8       0x20 c:/ac6/systemworkbench/plugins/fr.ac6.mcu.externaltools.arm-none.win32_1.15.0.201708311556/tools/compiler/bin/../lib/gcc/arm-none-eabi/6.3.1/../../../../arm-none-eabi/lib/thumb/v7-m\libc_nano.a(lib_a-memset.o)
 .debug_frame   0x00003fc8       0x7c c:/ac6/systemworkbench/plugins/fr.ac6.mcu.externaltools.arm-none.win32_1.15.0.201708311556/tools/compiler/bin/../lib/gcc/arm-none-eabi/6.3.1/../../../../arm-none-eabi/lib/thumb/v7-m\libc_nano.a(lib_a-snprintf.o)
 .debug_frame   0x00004044       0x90 c:/ac6/systemworkbench/plugins/fr.ac6.mcu.externaltools.arm-none.win32_1.15.0.201708311556/tools/compiler/bin/../lib/gcc/arm-none-eabi/6.3.1/../../../../arm-none-eabi/lib/thumb/v7-m\libc_nano.a(lib_a-nano-svfprintf.o)
 .debug_frame   0x000040d4       0x60 c:/ac6/systemworkbench/plugins/fr.ac6.mcu.externaltools.arm-none.win32_1.15.0.201708311556/tools/compiler/bin/../lib/gcc/arm-none-eabi/6.3.1/../../../../arm-none-eabi/lib/thumb/v7-m\libc_nano.a(lib_a-nano-vfprintf_i.o)
 .debug_frame   0x00004134       0x28 c:/ac6/systemworkbench/plugins/fr.ac6.mcu.externaltools.arm-none.win32_1.15.0.201708311556/tools/compiler/bin/../lib/gcc/arm-none-eabi/6.3.1/../../../../arm-none-eabi/lib/thumb/v7-m\libc_nano.a(lib_a-memchr-stub.o)
 .debug_frame   0x0000415c       0x28 c:/ac6/systemworkbench/plugins/fr.ac6.mcu.externaltools.arm-none.win32_1.15.0.201708311556/tools/compiler/bin/../lib/gcc/arm-none-eabi/6.3.1/../../../../arm-none-eabi/lib/thumb/v7-m\libc_nano.a(lib_a-memcpy-stub.o)
 .debug_frame   0x00004184       0x28 c:/ac6/systemworkbench/plugins/fr.ac6.mcu.externaltools.arm-none.win32_1.15.0.201708311556/tools/compiler/bin/../lib/gcc/arm-none-eabi/6.3.1/../../../../arm-none-eabi/lib/thumb/v7-m\libc_nano.a(lib_a-memmove.o)
 .debug_frame   0x000041ac       0x38 c:/ac6/systemworkbench/plugins/fr.ac6.mcu.externaltools.arm-none.win32_1.15.0.201708311556/tools/compiler/bin/../lib/gcc/arm-none-eabi/6.3.1/../../../../arm-none-eabi/lib/thumb/v7-m\libc_nano.a(lib_a-nano-freer.o)
 .debug_frame   0x000041e4       0x2c c:/ac6/systemworkbench/plugins/fr.ac6.mcu.externaltools.arm-none.win32_1.15.0.201708311556/tools/compiler/bin/../lib/gcc/arm-none-eabi/6.3.1/../../../../arm-none-eabi/lib/thumb/v7-m\libc_nano.a(lib_a-nano-mallocr.o)
 .debug_frame   0x00004210       0x3c c:/ac6/systemworkbench/plugins/fr.ac6.mcu.externaltools.arm-none.win32_1.15.0.201708311556/tools/compiler/bin/../lib/gcc/arm-none-eabi/6.3.1/../../../../arm-none-eabi/lib/thumb/v7-m\libc_nano.a(lib_a-nano-reallocr.o)
 .debug_frame   0x0000424c       0x2c c:/ac6/systemworkbench/plugins/fr.ac6.mcu.externaltools.arm-none.win32_1.15.0.201708311556/tools/compiler/bin/../lib/gcc/arm-none-eabi/6.3.1/../../../../arm-none-eabi/lib/thumb/v7-m\libc_nano.a(lib_a-sbrkr.o)
 .debug_frame   0x00004278       0x30 c:/ac6/systemworkbench/plugins/fr.ac6.mcu.externaltools.arm-none.win32_1.15.0.201708311556/tools/compiler/bin/../lib/gcc/arm-none-eabi/6.3.1/../../../../arm-none-eabi/lib/thumb/v7-m\libc_nano.a(lib_a-mlock.o)
 .debug_frame   0x000042a8       0x20 c:/ac6/systemworkbench/plugins/fr.ac6.mcu.externaltools.arm-none.win32_1.15.0.201708311556/tools/compiler/bin/../lib/gcc/arm-none-eabi/6.3.1/../../../../arm-none-eabi/lib/thumb/v7-m\libc_nano.a(lib_a-nano-msizer.o)
 .debug_frame   0x000042c8       0x5c c:/ac6/systemworkbench/plugins/fr.ac6.mcu.externaltools.arm-none.win32_1.15.0.201708311556/tools/compiler/bin/../lib/gcc/arm-none-eabi/6.3.1/../../../../arm-none-eabi/lib/thumb/v7-m\libc_nano.a(lib_a-reent.o)
